 kei

 Timestamp is 5045f211 (Tue Sep 04 21:20:33 2012)

 Preferred load address is 11000000

 Start         Length     Name                   Class
 0001:00000000 0002dfddH .text                   CODE
 0001:0002dfe0 0000010eH .text$x                 CODE
 0002:00000000 00000210H .idata$5                DATA
 0002:00000210 00001a88H .rdata                  DATA
 0002:00001c98 0000017cH .rdata$r                DATA
 0002:00001e18 000002f8H .xdata$x                DATA
 0002:00002110 00000050H .idata$2                DATA
 0002:00002160 00000014H .idata$3                DATA
 0002:00002174 00000210H .idata$4                DATA
 0002:00002384 00000946H .idata$6                DATA
 0002:00002cd0 000000b3H .edata                  DATA
 0003:00000000 00000004H .CRT$XCA                DATA
 0003:00000004 0000000cH .CRT$XCU                DATA
 0003:00000010 00000004H .CRT$XCZ                DATA
 0003:00000014 00000004H .CRT$XIA                DATA
 0003:00000018 0000000cH .CRT$XIC                DATA
 0003:00000024 00000004H .CRT$XIY                DATA
 0003:00000028 00000004H .CRT$XIZ                DATA
 0003:0000002c 00000004H .CRT$XPA                DATA
 0003:00000030 00000004H .CRT$XPX                DATA
 0003:00000034 00000004H .CRT$XPZ                DATA
 0003:00000038 00000004H .CRT$XTA                DATA
 0003:0000003c 00000004H .CRT$XTB                DATA
 0003:00000040 00000004H .CRT$XTZ                DATA
 0003:00000050 00009d2cH .data                   DATA
 0003:00009d80 00050629H .bss                    DATA
 0004:00000000 00000058H .rsrc$01                DATA
 0004:00000060 000003c8H .rsrc$02                DATA

  Address         Publics by Value              Rva+Base     Lib:Object

 0001:00000000       _call_zopen64              11001000 f   ioapi.obj
 0001:00000040       _call_zseek64              11001040 f   ioapi.obj
 0001:000000a0       _call_ztell64              110010a0 f   ioapi.obj
 0001:00000150       _fill_fopen64_filefunc     11001150 f   ioapi.obj
 0001:00000250       _DllMain@12                11001250 f   kei.obj
 0001:000002a0       _JZIPCompress              110012a0 f   kei.obj
 0001:000004a0       _JZIPCanExtractExtension   110014a0 f   kei.obj
 0001:000004b0       _JZIPCanExtract            110014b0 f   kei.obj
 0001:00000530       _JZIPExtract               11001530 f   kei.obj
 0001:00001020       _JZIPIsSelfUnpack          11002020 f   kei.obj
 0001:000014c0       ??1?$basic_string@DU?$char_traits@D@std@@V?$allocator@D@2@@std@@QAE@XZ 110024c0 f i kei.obj
 0001:00001500       ?assign@?$basic_string@DU?$char_traits@D@std@@V?$allocator@D@2@@std@@QAEAAV12@PBDI@Z 11002500 f i kei.obj
 0001:000015b0       ?_Tidy@?$basic_string@DU?$char_traits@D@std@@V?$allocator@D@2@@std@@AAEX_N@Z 110025b0 f i kei.obj
 0001:00001600       ?_Eos@?$basic_string@DU?$char_traits@D@std@@V?$allocator@D@2@@std@@AAEXI@Z 11002600 f i kei.obj
 0001:00001620       ?_Grow@?$basic_string@DU?$char_traits@D@std@@V?$allocator@D@2@@std@@AAE_NI_N@Z 11002620 f i kei.obj
 0001:00001750       ?_Copy@?$basic_string@DU?$char_traits@D@std@@V?$allocator@D@2@@std@@AAEXI@Z 11002750 f i kei.obj
 0001:00001890       ?id@?$ctype@G@std@@$E      11002890 f i kei.obj
 0001:000024b0       _unzOpen                   110034b0 f   unzip.obj
 0001:000024d0       _unzClose                  110034d0 f   unzip.obj
 0001:00002a60       _unzGetCurrentFileInfo     11003a60 f   unzip.obj
 0001:00002b00       _unzGoToFirstFile          11003b00 f   unzip.obj
 0001:00002b70       _unzGoToNextFile           11003b70 f   unzip.obj
 0001:00002c40       _unzOpenCurrentFile3       11003c40 f   unzip.obj
 0001:000030e0       _unzOpenCurrentFile        110040e0 f   unzip.obj
 0001:00003100       _unzReadCurrentFile        11004100 f   unzip.obj
 0001:00003410       _unzCloseCurrentFile       11004410 f   unzip.obj
 0001:000034c0       ?IsFileExist@@YA_NABV?$basic_string@DU?$char_traits@D@std@@V?$allocator@D@2@@std@@@Z 110044c0 f   unzipex.obj
 0001:000034f0       ?CreateDirectoryReflex@@YA_NABV?$basic_string@DU?$char_traits@D@std@@V?$allocator@D@2@@std@@I@Z 110044f0 f   unzipex.obj
 0001:000036d0       ?Unzip@@YA_NABV?$basic_string@DU?$char_traits@D@std@@V?$allocator@D@2@@std@@0@Z 110046d0 f   unzipex.obj
 0001:00003980       ?replace@?$basic_string@DU?$char_traits@D@std@@V?$allocator@D@2@@std@@QAEAAV12@PAD0PBD1@Z 11004980 f i unzipex.obj
 0001:00003b80       ?max_size@?$basic_string@DU?$char_traits@D@std@@V?$allocator@D@2@@std@@QBEIXZ 11004b80 f i unzipex.obj
 0001:00003b90       ?_Freeze@?$basic_string@DU?$char_traits@D@std@@V?$allocator@D@2@@std@@AAEXXZ 11004b90 f i unzipex.obj
 0001:00003c10       ??Hstd@@YA?AV?$basic_string@DU?$char_traits@D@std@@V?$allocator@D@2@@0@ABV10@PBD@Z 11004c10 f i unzipex.obj
 0001:00003d30       ?assign@?$basic_string@DU?$char_traits@D@std@@V?$allocator@D@2@@std@@QAEAAV12@ABV12@II@Z 11004d30 f i unzipex.obj
 0001:00003f40       ?_Split@?$basic_string@DU?$char_traits@D@std@@V?$allocator@D@2@@std@@AAEXXZ 11004f40 f i unzipex.obj
 0001:00004050       _inflateReset              11005050 f   zlib:inflate.obj
 0001:000040a0       _inflateEnd                110050a0 f   zlib:inflate.obj
 0001:000040f0       _inflateInit2_             110050f0 f   zlib:inflate.obj
 0001:00004210       _inflate                   11005210 f   zlib:inflate.obj
 0001:00004640       _get_crc_table             11005640 f   zlib:crc32.obj
 0001:00004650       _crc32                     11005650 f   zlib:crc32.obj
 0001:00004790       _inflate_blocks_reset      11005790 f   zlib:infblock.obj
 0001:00004810       _inflate_blocks_new        11005810 f   zlib:infblock.obj
 0001:000048c0       _inflate_blocks            110058c0 f   zlib:infblock.obj
 0001:00005520       _inflate_blocks_free       11006520 f   zlib:infblock.obj
 0001:00005560       _adler32                   11006560 f   zlib:adler32.obj
 0001:000056a0       _zcalloc                   110066a0 f   zlib:zutil.obj
 0001:000056c0       _zcfree                    110066c0 f   zlib:zutil.obj
 0001:000056e0       _inflate_codes_new         110066e0 f   zlib:infcodes.obj
 0001:00005720       _inflate_codes             11006720 f   zlib:infcodes.obj
 0001:00005e40       _inflate_codes_free        11006e40 f   zlib:infcodes.obj
 0001:00005e60       _inflate_trees_bits        11006e60 f   zlib:inftrees.obj
 0001:00006320       _inflate_trees_dynamic     11007320 f   zlib:inftrees.obj
 0001:000064b0       _inflate_trees_fixed       110074b0 f   zlib:inftrees.obj
 0001:000064e0       _inflate_flush             110074e0 f   zlib:infutil.obj
 0001:00006620       _inflate_fast              11007620 f   zlib:inffast.obj
 0001:000069e0       _ParseString               110079e0 f   zip32z64:api.obj
 0001:00006d20       _AllocMemory               11007d20 f   zip32z64:api.obj
 0001:00006dc0       _FreeArgVee                11007dc0 f   zip32z64:api.obj
 0001:00006e10       _ZpInit@4                  11007e10 f   zip32z64:api.obj
 0001:00006e60       _ZpArchive@20              11007e60 f   zip32z64:api.obj
 0001:00007c80       _encr_passwd               11008c80 f   zip32z64:api.obj
 0001:00007cb0       _comment                   11008cb0 f   zip32z64:windll.obj
 0001:00007d70       _printf                    11008d70 f   zip32z64:windll.obj
 0001:00007dd0       _fprintf                   11008dd0 f   zip32z64:windll.obj
 0001:00007e50       _perror                    11008e50 f   zip32z64:windll.obj
 0001:00007e70       _ziperr                    11008e70 f   zip32z64:zip.obj
 0001:000082f0       _error                     110092f0 f   zip32z64:zip.obj
 0001:00008310       _zipmessage_nl             11009310 f   zip32z64:zip.obj
 0001:00008460       _zipmessage                11009460 f   zip32z64:zip.obj
 0001:00008510       _zipwarn                   11009510 f   zip32z64:zip.obj
 0001:000085c0       _rename_split              110095c0 f   zip32z64:zip.obj
 0001:00008630       _GetLongPathEA             11009630 f   zip32z64:zip.obj
 0001:00008630       _issymlnk                  11009630 f   zip32z64:zip.obj
 0001:00008630       _set_filetype              11009630 f   zip32z64:zip.obj
 0001:00008640       _zipmain                   11009640 f   zip32z64:zip.obj
 0001:0000e3e0       _zsearch                   1100f3e0 f   zip32z64:zipfile.obj
 0001:0000e430       _ziptyp                    1100f430 f   zip32z64:zipfile.obj
 0001:0000e500       _get_extra_field           1100f500 f   zip32z64:zipfile.obj
 0001:0000e540       _copy_nondup_extra_fields  1100f540 f   zip32z64:zipfile.obj
 0001:0000e6e0       _readlocal                 1100f6e0 f   zip32z64:zipfile.obj
 0001:0000ecd0       _readzipfile               1100fcd0 f   zip32z64:zipfile.obj
 0001:00012410       _putlocal                  11013410 f   zip32z64:zipfile.obj
 0001:00012c90       _putextended               11013c90 f   zip32z64:zipfile.obj
 0001:00012e20       _putcentral                11013e20 f   zip32z64:zipfile.obj
 0001:00013520       _putend                    11014520 f   zip32z64:zipfile.obj
 0001:000138f0       _zipcopy                   110148f0 f   zip32z64:zipfile.obj
 0001:000145f0       _get_ef_ut_ztime           110155f0 f   zip32z64:zipfile.obj
 0001:00014820       _trash                     11015820 f   zip32z64:zipfile.obj
 0001:00014b00       _zftello                   11015b00 f   zip32z64:win32i64.obj
 0001:00014b40       _zfseeko                   11015b40 f   zip32z64:win32i64.obj
 0001:00014bb0       _getnam                    11015bb0 f   zip32z64:fileio.obj
 0001:00014ca0       _fexpel                    11015ca0 f   zip32z64:fileio.obj
 0001:00014d10       _last                      11015d10 f   zip32z64:fileio.obj
 0001:00014d40       _msname                    11015d40 f   zip32z64:fileio.obj
 0001:00014ef0       _proc_archive_name         11015ef0 f   zip32z64:fileio.obj
 0001:00015000       _check_dup                 11016000 f   zip32z64:fileio.obj
 0001:00015390       _filter                    11016390 f   zip32z64:fileio.obj
 0001:00015530       _newname                   11016530 f   zip32z64:fileio.obj
 0001:00015b10       _dostime                   11016b10 f   zip32z64:fileio.obj
 0001:00015b60       _unix2dostime              11016b60 f   zip32z64:fileio.obj
 0001:00015bc0       _dos2unixtime              11016bc0 f   zip32z64:fileio.obj
 0001:00015c30       _destroy                   11016c30 f   zip32z64:fileio.obj
 0001:00015c50       _replace                   11016c50 f   zip32z64:fileio.obj
 0001:00015d80       _getfileattr               11016d80 f   zip32z64:fileio.obj
 0001:00015db0       _setfileattr               11016db0 f   zip32z64:fileio.obj
 0001:00015dd0       _tempname                  11016dd0 f   zip32z64:fileio.obj
 0001:00015ec0       _fcopy                     11016ec0 f   zip32z64:fileio.obj
 0001:00015fd0       _bfcopy                    11016fd0 f   zip32z64:fileio.obj
 0001:00016970       _ask_for_split_read_path   11017970 f   zip32z64:fileio.obj
 0001:000171d0       _ask_for_split_write_path  110181d0 f   zip32z64:fileio.obj
 0001:000176a0       _get_in_split_path         110186a0 f   zip32z64:fileio.obj
 0001:000177c0       _get_out_split_path        110187c0 f   zip32z64:fileio.obj
 0001:00017890       _close_split               11018890 f   zip32z64:fileio.obj
 0001:000178f0       _bfwrite                   110188f0 f   zip32z64:fileio.obj
 0001:00017e60       _mb_clen                   11018e60 f   zip32z64:fileio.obj
 0001:00017e80       _copy_args                 11018e80 f   zip32z64:fileio.obj
 0001:00017fb0       _free_args                 11018fb0 f   zip32z64:fileio.obj
 0001:00017ff0       _insert_arg                11018ff0 f   zip32z64:fileio.obj
 0001:00018130       _get_option                11019130 f   zip32z64:fileio.obj
 0001:00019150       _IsFileSystemOldFAT        1101a150 f   zip32z64:win32.obj
 0001:00019240       _GetFileMode               1101a240 f   zip32z64:win32.obj
 0001:00019270       _ClearArchiveBit           1101a270 f   zip32z64:win32.obj
 0001:000192e0       _getVolumeLabel            1101a2e0 f   zip32z64:win32.obj
 0001:00019360       _ZipIsWinNT                1101a360 f   zip32z64:win32.obj
 0001:00019380       _fseekable                 1101a380 f   zip32z64:win32.obj
 0001:000193b0       _zstat_zipwin32            1101a3b0 f   zip32z64:win32.obj
 0001:000197e0       _oem_to_local_string       1101a7e0 f   zip32z64:win32.obj
 0001:00019800       _lm_init                   1101a800 f   zip32z64:deflate.obj
 0001:00019940       _expand_args               1101a940 f   zip32z64:deflate.obj
 0001:00019940       _lm_free                   1101a940 f   zip32z64:deflate.obj
 0001:00019950       _longest_match             1101a950 f   zip32z64:deflate.obj
 0001:00019ce0       _deflate                   1101ace0 f   zip32z64:deflate.obj
 0001:0001a270       _isshexp                   1101b270 f   zip32z64:util.obj
 0001:0001a7a0       _dosmatch                  1101b7a0 f   zip32z64:util.obj
 0001:0001a870       _search                    1101b870 f   zip32z64:util.obj
 0001:0001a8c0       _init_upper                1101b8c0 f   zip32z64:util.obj
 0001:0001a910       _namecmp                   1101b910 f   zip32z64:util.obj
 0001:0001a980       _lastchar                  1101b980 f   zip32z64:util.obj
 0001:0001a9c0       _zmbschr                   1101b9c0 f   zip32z64:util.obj
 0001:0001aa00       _zmbsrchr                  1101ba00 f   zip32z64:util.obj
 0001:0001aa50       _is_text_buf               1101ba50 f   zip32z64:util.obj
 0001:0001aaa0       _zip_fzofft                1101baa0 f   zip32z64:util.obj
 0001:0001abd0       _zip_fuzofft               1101bbd0 f   zip32z64:util.obj
 0001:0001ad00       _DisplayNumString          1101bd00 f   zip32z64:util.obj
 0001:0001ad50       _ReadNumString             1101bd50 f   zip32z64:util.obj
 0001:0001aed0       _WriteNumString            1101bed0 f   zip32z64:util.obj
 0001:0001b080       _abbrevmatch               1101c080 f   zip32z64:util.obj
 0001:0001b110       _is_seekable               1101c110 f   zip32z64:zipup.obj
 0001:0001b150       _percent                   1101c150 f   zip32z64:zipup.obj
 0001:0001b1b0       _zipup                     1101c1b0 f   zip32z64:zipup.obj
 0001:0001c2b0       _flush_outbuf              1101d2b0 f   zip32z64:zipup.obj
 0001:0001c310       _seekable                  1101d310 f   zip32z64:zipup.obj
 0001:0001c370       _memcompress               1101d370 f   zip32z64:zipup.obj
 0001:0001c4b0       _wild                      1101d4b0 f   zip32z64:win32zip.obj
 0001:0001d010       _procname                  1101e010 f   zip32z64:win32zip.obj
 0001:0001d030       _ex2in                     1101e030 f   zip32z64:win32zip.obj
 0001:0001d220       _in2ex                     1101e220 f   zip32z64:win32zip.obj
 0001:0001d270       _stamp                     1101e270 f   zip32z64:win32zip.obj
 0001:0001d2a0       _filetime                  1101e2a0 f   zip32z64:win32zip.obj
 0001:0001d490       _set_extra_field           1101e490 f   zip32z64:win32zip.obj
 0001:0001d870       _deletedir                 1101e870 f   zip32z64:win32zip.obj
 0001:0001d890       _ct_init                   1101e890 f   zip32z64:trees.obj
 0001:0001dbc0       _flush_block               1101ebc0 f   zip32z64:trees.obj
 0001:0001e600       _ct_tally                  1101f600 f   zip32z64:trees.obj
 0001:0001e930       _bi_init                   1101f930 f   zip32z64:trees.obj
 0001:0001ecd0       _zp_decrypt_byte           1101fcd0 f   zip32z64:crypt.obj
 0001:0001ecf0       _zp_update_keys            1101fcf0 f   zip32z64:crypt.obj
 0001:0001ed60       _zp_init_keys              1101fd60 f   zip32z64:crypt.obj
 0001:0001edb0       _crypthead                 1101fdb0 f   zip32z64:crypt.obj
 0001:0001eeb0       _zfwrite                   1101feb0 f   zip32z64:crypt.obj
 0001:0001ef10       _ZipGetVolumeCaps          1101ff10 f   zip32z64:nt.obj
 0001:0001f2c0       _SecurityGet               110202c0 f   zip32z64:nt.obj
 0001:0001f4c0       __fsopen                   110204c0 f   LIBCMT:fopen.obj
 0001:0001f4f1       _fopen                     110204f1 f   LIBCMT:fopen.obj
 0001:0001f504       _fread                     11020504 f   LIBCMT:fread.obj
 0001:0001f533       __fread_lk                 11020533 f   LIBCMT:fread.obj
 0001:0001f61b       _fwrite                    1102061b f   LIBCMT:fwrite.obj
 0001:0001f64a       __fwrite_lk                1102064a f   LIBCMT:fwrite.obj
 0001:0001f754       _ftell                     11020754 f   LIBCMT:ftell.obj
 0001:0001f776       __ftell_lk                 11020776 f   LIBCMT:ftell.obj
 0001:0001f8d7       _fseek                     110208d7 f   LIBCMT:fseek.obj
 0001:0001f903       __fseek_lk                 11020903 f   LIBCMT:fseek.obj
 0001:0001f990       _fclose                    11020990 f   LIBCMT:fclose.obj
 0001:0001f9c1       __fclose_lk                110209c1 f   LIBCMT:fclose.obj
 0001:0001fa10       _strncpy                   11020a10 f   LIBCMT:strncpy.obj
 0001:0001fb0e       __setmbcp                  11020b0e f   LIBCMT:mbctype.obj
 0001:0001fee6       ___initmbctable            11020ee6 f   LIBCMT:mbctype.obj
 0001:0001ff02       _setlocale                 11020f02 f   LIBCMT:setlocal.obj
 0001:0002031c       __expandlocale             1102131c f   LIBCMT:setlocal.obj
 0001:00020434       __strcats                  11021434 f   LIBCMT:setlocal.obj
 0001:00020459       ___lc_strtolc              11021459 f   LIBCMT:setlocal.obj
 0001:00020525       ___lc_lctostr              11021525 f   LIBCMT:setlocal.obj
 0001:00020580       _strrchr                   11021580 f   LIBCMT:strrchr.obj
 0001:000205a7       ??3@YAXPAX@Z               110215a7 f   LIBCMT:delete.obj
 0001:000205b2       ?_JumpToContinuation@@YGXPAXPAUEHRegistrationNode@@@Z 110215b2 f   LIBCMT:trnsctrl.obj
 0001:000205e6       ?_CallMemberFunction0@@YGXPAX0@Z 110215e6 f   LIBCMT:trnsctrl.obj
 0001:000205e6       ?_CallMemberFunction1@@YGXPAX00@Z 110215e6 f   LIBCMT:trnsctrl.obj
 0001:000205ed       ?_CallMemberFunction2@@YGXPAX00H@Z 110215ed f   LIBCMT:trnsctrl.obj
 0001:000205f4       ?_UnwindNestedFrames@@YGXPAUEHRegistrationNode@@PAUEHExceptionRecord@@@Z 110215f4 f   LIBCMT:trnsctrl.obj
 0001:00020643       ___CxxFrameHandler         11021643 f   LIBCMT:trnsctrl.obj
 0001:00020679       ?_CallCatchBlock2@@YAPAXPAUEHRegistrationNode@@PBU_s_FuncInfo@@PAXHK@Z 11021679 f   LIBCMT:trnsctrl.obj
 0001:000206f2       ?_CallSETranslator@@YAHPAUEHExceptionRecord@@PAUEHRegistrationNode@@PAX2PBU_s_FuncInfo@@H1@Z 110216f2 f   LIBCMT:trnsctrl.obj
 0001:0002081d       ?_GetRangeOfTrysToCheck@@YAPBU_s_TryBlockMapEntry@@PBU_s_FuncInfo@@HHPAI1@Z 1102181d f   LIBCMT:trnsctrl.obj
 0001:00020898       __global_unwind2           11021898 f   LIBCMT:exsup.obj
 0001:000208da       __local_unwind2            110218da f   LIBCMT:exsup.obj
 0001:00020932       __NLG_Return2              11021932 f   LIBCMT:exsup.obj
 0001:00020942       __abnormal_termination     11021942 f   LIBCMT:exsup.obj
 0001:00020965       __NLG_Notify1              11021965 f   LIBCMT:exsup.obj
 0001:0002096e       __NLG_Notify               1102196e f   LIBCMT:exsup.obj
 0001:00020981       __NLG_Dispatch             11021981 f   LIBCMT:exsup.obj
 0001:00020986       _free                      11021986 f   LIBCMT:free.obj
 0001:00020a6f       _sprintf                   11021a6f f   LIBCMT:sprintf.obj
 0001:00020ac1       _malloc                    11021ac1 f   LIBCMT:malloc.obj
 0001:00020ad3       __nh_malloc                11021ad3 f   LIBCMT:malloc.obj
 0001:00020aff       __heap_alloc               11021aff f   LIBCMT:malloc.obj
 0001:00020c00       _strncmp                   11021c00 f   LIBCMT:strncmp.obj
 0001:00020c38       __mbschr                   11021c38 f   LIBCMT:mbschr.obj
 0001:00020cd0       __chkstk                   11021cd0 f   LIBCMT:chkstk.obj
 0001:00020cd0       __alloca_probe             11021cd0 f   LIBCMT:chkstk.obj
 0001:00020cff       ??2@YAPAXI@Z               11021cff f   LIBCMT:new.obj
 0001:00020d0d       __onexit                   11021d0d f   LIBCMT:onexit.obj
 0001:00020d8b       _atexit                    11021d8b f   LIBCMT:onexit.obj
 0001:00020d9d       ___onexitinit              11021d9d f   LIBCMT:onexit.obj
 0001:00020dd0       __allshl                   11021dd0 f   LIBCMT:llshl.obj
 0001:00020df0       __aullshr                  11021df0 f   LIBCMT:ullshr.obj
 0001:00020e10       _memmove                   11021e10 f   LIBCMT:memmove.obj
 0001:00021145       __CRT_INIT@12              11022145 f   LIBCMT:dllcrt0.obj
 0001:0002121e       __DllMainCRTStartup@12     1102221e f   LIBCMT:dllcrt0.obj
 0001:000212bb       __amsg_exit                110222bb f   LIBCMT:dllcrt0.obj
 0001:000212ee       ___initstdio               110222ee f   LIBCMT:_file.obj
 0001:00021396       ___endstdio                11022396 f   LIBCMT:_file.obj
 0001:000213aa       __lock_file                110223aa f   LIBCMT:_file.obj
 0001:000213d9       __lock_file2               110223d9 f   LIBCMT:_file.obj
 0001:000213fc       __unlock_file              110223fc f   LIBCMT:_file.obj
 0001:0002142b       __unlock_file2             1102242b f   LIBCMT:_file.obj
 0001:0002144e       _realloc                   1102244e f   LIBCMT:realloc.obj
 0001:0002177d       __msize                    1102277d f   LIBCMT:msize.obj
 0001:00021870       __strnicmp                 11022870 f   LIBCMT:strnicmp.obj
 0001:00021990       _strchr                    11022990 f   LIBCMT:strchr.obj
 0001:00021996       ___from_strstr_to_strchr   11022996 f   LIBCMT:strchr.obj
 0001:00021a4c       _longjmp                   11022a4c f   LIBCMT:longjmp.obj
 0001:00021ac5       _fflush                    11022ac5 f   LIBCMT:fflush.obj
 0001:00021af4       __fflush_lk                11022af4 f   LIBCMT:fflush.obj
 0001:00021b22       __flush                    11022b22 f   LIBCMT:fflush.obj
 0001:00021b7e       __flushall                 11022b7e f   LIBCMT:fflush.obj
 0001:00021c2b       _strerror                  11022c2b f   LIBCMT:strerror.obj
 0001:00021c7b       __dosmaperr                11022c7b f   LIBCMT:dosmap.obj
 0001:00021cee       __errno                    11022cee f   LIBCMT:dosmap.obj
 0001:00021cf7       ___doserrno                11022cf7 f   LIBCMT:dosmap.obj
 0001:00021d00       _fgets                     11022d00 f   LIBCMT:fgets.obj
 0001:00021d62       _setvbuf                   11022d62 f   LIBCMT:setvbuf.obj
 0001:00021e11       _toupper                   11022e11 f   LIBCMT:toupper.obj
 0001:00021e80       __toupper_lk               11022e80 f   LIBCMT:toupper.obj
 0001:00021f4c       __isctype                  11022f4c f   LIBCMT:isctype.obj
 0001:00021fc1       _asctime                   11022fc1 f   LIBCMT:asctime.obj
 0001:000220b3       _localtime                 110230b3 f   LIBCMT:localtim.obj
 0001:00022213       _time                      11023213 f   LIBCMT:time.obj
 0001:000222ef       _sscanf                    110232ef f   LIBCMT:sscanf.obj
 0001:00022330       __aullrem                  11023330 f   LIBCMT:ullrem.obj
 0001:000223b0       __allmul                   110233b0 f   LIBCMT:llmul.obj
 0001:000223e4       __setjmp3                  110233e4 f   LIBCMT:setjmp3.obj
 0001:0002245f       _mblen                     1102345f f   LIBCMT:mblen.obj
 0001:000224d6       _qsort                     110234d6 f   LIBCMT:qsort.obj
 0001:000226a4       _ungetc                    110236a4 f   LIBCMT:ungetc.obj
 0001:000226cd       __ungetc_lk                110236cd f   LIBCMT:ungetc.obj
 0001:0002273b       _fgetc                     1102373b f   LIBCMT:fgetc.obj
 0001:0002276c       _getc                      1102376c f   LIBCMT:fgetc.obj
 0001:00022777       _fgetpos                   11023777 f   LIBCMT:fgetpos.obj
 0001:00022799       __lseeki64                 11023799 f   LIBCMT:lseeki64.obj
 0001:0002280a       __lseeki64_lk              1102380a f   LIBCMT:lseeki64.obj
 0001:0002288f       __stati64                  1102388f f   LIBCMT:stati64.obj
 0001:00022bd6       _mktime                    11023bd6 f   LIBCMT:mktime.obj
 0001:00022dc8       _rename                    11023dc8 f   LIBCMT:rename.obj
 0001:00022e00       _strncat                   11023e00 f   LIBCMT:strncat.obj
 0001:00022f23       _fputc                     11023f23 f   LIBCMT:fputc.obj
 0001:00022f5e       _putc                      11023f5e f   LIBCMT:fputc.obj
 0001:00022f6e       __alloc_osfhnd             11023f6e f   LIBCMT:osfinfo.obj
 0001:00023091       __set_osfhnd               11024091 f   LIBCMT:osfinfo.obj
 0001:0002310d       __free_osfhnd              1102410d f   LIBCMT:osfinfo.obj
 0001:0002318c       __get_osfhandle            1102418c f   LIBCMT:osfinfo.obj
 0001:000231ce       __lock_fhandle             110241ce f   LIBCMT:osfinfo.obj
 0001:0002322d       __unlock_fhandle           1102422d f   LIBCMT:osfinfo.obj
 0001:00023250       __aulldiv                  11024250 f   LIBCMT:ulldiv.obj
 0001:000232b8       __getenv_lk                110242b8 f   LIBCMT:getenv.obj
 0001:00023335       _atol                      11024335 f   LIBCMT:atox.obj
 0001:000233c0       _atoi                      110243c0 f   LIBCMT:atox.obj
 0001:000233d0       __alldiv                   110243d0 f   LIBCMT:lldiv.obj
 0001:0002347a       _clearerr                  1102447a f   LIBCMT:clearerr.obj
 0001:000234bb       __open                     110244bb f   LIBCMT:open.obj
 0001:000234d2       __sopen                    110244d2 f   LIBCMT:open.obj
 0001:000237a1       __fstati64                 110247a1 f   LIBCMT:fstati64.obj
 0001:00023a4e       _srand                     11024a4e f   LIBCMT:rand.obj
 0001:00023a5b       _rand                      11024a5b f   LIBCMT:rand.obj
 0001:00023a7d       __openfile                 11024a7d f   LIBCMT:_open.obj
 0001:00023bed       __getstream                11024bed f   LIBCMT:stream.obj
 0001:00023cb5       __filbuf                   11024cb5 f   LIBCMT:_filbuf.obj
 0001:00023d91       __read                     11024d91 f   LIBCMT:read.obj
 0001:00023d91       _read                      11024d91 f   LIBCMT:read.obj
 0001:00023df6       __read_lk                  11024df6 f   LIBCMT:read.obj
 0001:00023fd0       _memcpy                    11024fd0 f   LIBCMT:memcpy.obj
 0001:00024305       __flsbuf                   11025305 f   LIBCMT:_flsbuf.obj
 0001:0002441d       _write                     1102541d f   LIBCMT:write.obj
 0001:0002441d       __write                    1102541d f   LIBCMT:write.obj
 0001:00024482       __write_lk                 11025482 f   LIBCMT:write.obj
 0001:0002460d       __ioinit                   1102560d f   LIBCMT:ioinit.obj
 0001:000247c9       __ioterm                   110257c9 f   LIBCMT:ioinit.obj
 0001:0002481d       __lseek                    1102581d f   LIBCMT:lseek.obj
 0001:00024882       __lseek_lk                 11025882 f   LIBCMT:lseek.obj
 0001:000248f5       __close                    110258f5 f   LIBCMT:close.obj
 0001:000248f5       _close                     110258f5 f   LIBCMT:close.obj
 0001:00024952       __close_lk                 11025952 f   LIBCMT:close.obj
 0001:000249d5       __freebuf                  110259d5 f   LIBCMT:_freebuf.obj
 0001:00024a00       __mtinitlocks              11025a00 f   LIBCMT:mlock.obj
 0001:00024a29       __mtdeletelocks            11025a29 f   LIBCMT:mlock.obj
 0001:00024a95       __lock                     11025a95 f   LIBCMT:mlock.obj
 0001:00024af6       __unlock                   11025af6 f   LIBCMT:mlock.obj
 0001:00024b0b       ___crtLCMapStringA         11025b0b f   LIBCMT:a_map.obj
 0001:00024d2f       ___crtGetStringTypeA       11025d2f f   LIBCMT:a_str.obj
 0001:00024e78       __cinit                    11025e78 f   LIBCMT:crt0dat.obj
 0001:00024ea5       __exit                     11025ea5 f   LIBCMT:crt0dat.obj
 0001:00024eb6       __cexit                    11025eb6 f   LIBCMT:crt0dat.obj
 0001:00024f6a       __lockexit                 11025f6a f   LIBCMT:crt0dat.obj
 0001:00024f73       __unlockexit               11025f73 f   LIBCMT:crt0dat.obj
 0001:00024f96       ___init_time               11025f96 f   LIBCMT:inittime.obj
 0001:00025505       ___init_numeric            11026505 f   LIBCMT:initnum.obj
 0001:00025711       ___init_monetary           11026711 f   LIBCMT:initmon.obj
 0001:0002594c       ___init_ctype              1102694c f   LIBCMT:initctyp.obj
 0001:00025b91       ___init_collate            11026b91 f   LIBCMT:initcoll.obj
 0001:00025b91       ___init_dummy              11026b91 f   LIBCMT:initcoll.obj
 0001:00025ba0       _strcmp                    11026ba0 f   LIBCMT:strcmp.obj
 0001:00025c30       _strcspn                   11026c30 f   LIBCMT:strcspn.obj
 0001:00025c70       _strlen                    11026c70 f   LIBCMT:strlen.obj
 0001:00025cf0       _strpbrk                   11026cf0 f   LIBCMT:strpbrk.obj
 0001:00025d30       _strcpy                    11026d30 f   LIBCMT:strcat.obj
 0001:00025d40       _strcat                    11026d40 f   LIBCMT:strcat.obj
 0001:00025e20       ___get_qualified_locale    11026e20 f   LIBCMT:getqloc.obj
 0001:000266d0       _memset                    110276d0 f   LIBCMT:memset.obj
 0001:00026728       ___InternalCxxFrameHandler 11027728 f   LIBCMT:frame.obj
 0001:00026a7d       ___FrameUnwindToState      11027a7d f   LIBCMT:frame.obj
 0001:00026eb5       ?_DestructExceptionObject@@YAXPAUEHExceptionRecord@@E@Z 11027eb5 f   LIBCMT:frame.obj
 0001:00026f40       __CallSettingFrame@12      11027f40 f   LIBCMT:lowhelpr.obj
 0001:00026f67       __NLG_Return               11027f67 f   LIBCMT:lowhelpr.obj
 0001:00026f8c       __mtinit                   11027f8c f   LIBCMT:tidtable.obj
 0001:00026fe0       __mtterm                   11027fe0 f   LIBCMT:tidtable.obj
 0001:00026ffe       __initptd                  11027ffe f   LIBCMT:tidtable.obj
 0001:00027011       __getptd                   11028011 f   LIBCMT:tidtable.obj
 0001:00027078       __freeptd                  11028078 f   LIBCMT:tidtable.obj
 0001:00027118       ___threadid                11028118 f   LIBCMT:tidtable.obj
 0001:0002711e       ?terminate@@YAXXZ          1102811e f   LIBCMT:hooks.obj
 0001:0002717f       ?_inconsistency@@YAXXZ     1102817f f   LIBCMT:hooks.obj
 0001:000271d5       __GetLinkerVersion         110281d5 f   LIBCMT:heapinit.obj
 0001:00027202       ___heap_select             11028202 f   LIBCMT:heapinit.obj
 0001:0002734a       __heap_init                1102834a f   LIBCMT:heapinit.obj
 0001:000273a7       __heap_term                110283a7 f   LIBCMT:heapinit.obj
 0001:0002744f       ___sbh_heap_init           1102844f f   LIBCMT:sbheap.obj
 0001:00027497       ___sbh_find_block          11028497 f   LIBCMT:sbheap.obj
 0001:000274c2       ___sbh_free_block          110284c2 f   LIBCMT:sbheap.obj
 0001:000277eb       ___sbh_alloc_block         110287eb f   LIBCMT:sbheap.obj
 0001:00027af4       ___sbh_alloc_new_region    11028af4 f   LIBCMT:sbheap.obj
 0001:00027ba5       ___sbh_alloc_new_group     11028ba5 f   LIBCMT:sbheap.obj
 0001:00027ca0       ___sbh_resize_block        11028ca0 f   LIBCMT:sbheap.obj
 0001:00027f96       ___old_sbh_new_region      11028f96 f   LIBCMT:sbheap.obj
 0001:000280da       ___old_sbh_release_region  110290da f   LIBCMT:sbheap.obj
 0001:00028130       ___old_sbh_decommit_pages  11029130 f   LIBCMT:sbheap.obj
 0001:000281f2       ___old_sbh_find_block      110291f2 f   LIBCMT:sbheap.obj
 0001:00028249       ___old_sbh_free_block      11029249 f   LIBCMT:sbheap.obj
 0001:0002828e       ___old_sbh_alloc_block     1102928e f   LIBCMT:sbheap.obj
 0001:00028496       ___old_sbh_alloc_block_from_page 11029496 f   LIBCMT:sbheap.obj
 0001:000285ba       ___old_sbh_resize_block    110295ba f   LIBCMT:sbheap.obj
 0001:0002866c       __except_handler3          1102966c f   LIBCMT:exsup3.obj
 0001:00028729       __seh_longjmp_unwind@4     11029729 f   LIBCMT:exsup3.obj
 0001:00028744       __output                   11029744 f   LIBCMT:output.obj
 0001:00028fab       __callnewh                 11029fab f   LIBCMT:handler.obj
 0001:00028fc6       __setenvp                  11029fc6 f   LIBCMT:stdenvp.obj
 0001:0002907f       __setargv                  1102a07f f   LIBCMT:stdargv.obj
 0001:000292cc       ___crtGetEnvironmentStringsA 1102a2cc f   LIBCMT:a_env.obj
 0001:000293fe       __FF_MSGBANNER             1102a3fe f   LIBCMT:crt0msg.obj
 0001:00029437       __NMSG_WRITE               1102a437 f   LIBCMT:crt0msg.obj
 0001:0002958a       _calloc                    1102a58a f   LIBCMT:calloc.obj
 0001:000296c7       __fcloseall                1102a6c7 f   LIBCMT:closeall.obj
 0001:00029748       __tolower_lk               1102a748 f   LIBCMT:tolower.obj
 0001:00029813       __rt_probe_read4@4         1102a813 f   LIBCMT:sehsupp.obj
 0001:00029878       __commit                   1102a878 f   LIBCMT:commit.obj
 0001:0002990b       ___tzset                   1102a90b f   LIBCMT:tzset.obj
 0001:00029939       __tzset                    1102a939 f   LIBCMT:tzset.obj
 0001:00029939       _tzset                     1102a939 f   LIBCMT:tzset.obj
 0001:00029bd6       __isindst                  1102abd6 f   LIBCMT:tzset.obj
 0001:00029ee3       _gmtime                    1102aee3 f   LIBCMT:gmtime.obj
 0001:00029fed       ___loctotime_t             1102afed f   LIBCMT:dtoxtime.obj
 0001:0002a0af       __input                    1102b0af f   LIBCMT:input.obj
 0001:0002ab60       __getbuf                   1102bb60 f   LIBCMT:_getbuf.obj
 0001:0002aba4       __ftelli64                 1102bba4 f   LIBCMT:ftelli64.obj
 0001:0002abcc       __ftelli64_lk              1102bbcc f   LIBCMT:ftelli64.obj
 0001:0002ad5c       ___dtoxmode                1102bd5c f   LIBCMT:stat.obj
 0001:0002ae14       __fullpath                 1102be14 f   LIBCMT:fullpath.obj
 0001:0002aeb9       __getdrive                 1102beb9 f   LIBCMT:drive.obj
 0001:0002aefc       __mbctolower               1102befc f   LIBCMT:mbtolwr.obj
 0001:0002af77       __mbspbrk                  1102bf77 f   LIBCMT:mbspbrk.obj
 0001:0002b00c       __mbsnbicoll               1102c00c f   LIBCMT:mbsnbico.obj
 0001:0002b04b       ___wtomb_environ           1102c04b f   LIBCMT:wtombenv.obj
 0001:0002b0b9       __chsize_lk                1102c0b9 f   LIBCMT:chsize.obj
 0001:0002b1de       _isatty                    1102c1de f   LIBCMT:isatty.obj
 0001:0002b1de       __isatty                   1102c1de f   LIBCMT:isatty.obj
 0001:0002b207       ___getlocaleinfo           1102c207 f   LIBCMT:inithelp.obj
 0001:0002b33f       ___crtGetStringTypeW       1102c33f f   LIBCMT:w_str.obj
 0001:0002b504       __itoa                     1102c504 f   LIBCMT:xtoa.obj
 0001:0002b590       __strcmpi                  1102c590 f   LIBCMT:stricmp.obj
 0001:0002b590       __stricmp                  1102c590 f   LIBCMT:stricmp.obj
 0001:0002b590       _stricmp                   1102c590 f   LIBCMT:stricmp.obj
 0001:0002b660       ?__CxxUnhandledExceptionFilter@@YGJPAU_EXCEPTION_POINTERS@@@Z 1102c660 f   LIBCMT:unhandld.obj
 0001:0002b6a6       ?__CxxSetUnhandledExceptionFilter@@YAXXZ 1102c6a6 f   LIBCMT:unhandld.obj
 0001:0002b6b7       ?__CxxRestoreUnhandledExceptionFilter@@YAXXZ 1102c6b7 f   LIBCMT:unhandld.obj
 0001:0002b6c4       ?_ValidateRead@@YAHPBXI@Z  1102c6c4 f   LIBCMT:validate.obj
 0001:0002b6e0       ?_ValidateWrite@@YAHPAXI@Z 1102c6e0 f   LIBCMT:validate.obj
 0001:0002b6fc       ?_ValidateExecute@@YAHP6GHXZ@Z 1102c6fc f   LIBCMT:validate.obj
 0001:0002b714       _abort                     1102c714 f   LIBCMT:abort.obj
 0001:0002b72b       _strtol                    1102c72b f   LIBCMT:strtol.obj
 0001:0002b950       _strstr                    1102c950 f   LIBCMT:strstr.obj
 0001:0002b9d0       _wctomb                    1102c9d0 f   LIBCMT:wctomb.obj
 0001:0002ba29       __wctomb_lk                1102ca29 f   LIBCMT:wctomb.obj
 0001:0002ba92       ___crtMessageBoxA          1102ca92 f   LIBCMT:crtmbox.obj
 0001:0002bb1b       _mbtowc                    1102cb1b f   LIBCMT:mbtowc.obj
 0001:0002bb78       __mbtowc_lk                1102cb78 f   LIBCMT:mbtowc.obj
 0001:0002bc41       _isspace                   1102cc41 f   LIBCMT:_ctype.obj
 0001:0002bc69       __mbsicmp                  1102cc69 f   LIBCMT:mbsicmp.obj
 0001:0002bdfe       __mbsrchr                  1102cdfe f   LIBCMT:mbsrchr.obj
 0001:0002be70       __getcwd                   1102ce70 f   LIBCMT:getcwd.obj
 0001:0002be70       _getcwd                    1102ce70 f   LIBCMT:getcwd.obj
 0001:0002be97       __getdcwd_lk               1102ce97 f   LIBCMT:getcwd.obj
 0001:0002bf6c       __validdrive               1102cf6c f   LIBCMT:getcwd.obj
 0001:0002bfa3       ___crtCompareStringA       1102cfa3 f   LIBCMT:a_cmp.obj
 0001:0002c24b       ___crtsetenv               1102d24b f   LIBCMT:setenv.obj
 0001:0002c491       __setmode                  1102d491 f   LIBCMT:setmode.obj
 0001:0002c491       _setmode                   1102d491 f   LIBCMT:setmode.obj
 0001:0002c4ea       __setmode_lk               1102d4ea f   LIBCMT:setmode.obj
 0001:0002c54b       ___crtGetLocaleInfoW       1102d54b f   LIBCMT:w_loc.obj
 0001:0002c65e       ___crtGetLocaleInfoA       1102d65e f   LIBCMT:a_loc.obj
 0001:0002c77c       _raise                     1102d77c f   LIBCMT:winsig.obj
 0001:0002c93b       __fptrap                   1102d93b f   LIBCMT:crt0fp.obj
 0001:0002c944       __strdup                   1102d944 f   LIBCMT:strdup.obj
 0001:0002c970       ?_Xlen@std@@YAXXZ          1102d970 f   libcpmt:string.obj
 0001:0002c9ca       ??0logic_error@std@@QAE@ABV?$basic_string@DU?$char_traits@D@std@@V?$allocator@D@2@@1@@Z 1102d9ca f i libcpmt:string.obj
 0001:0002ca2e       ?what@logic_error@std@@UBEPBDXZ 1102da2e f i libcpmt:string.obj
 0001:0002ca3b       ?_Doraise@logic_error@std@@MBEXXZ 1102da3b f i libcpmt:string.obj
 0001:0002ca58       ??1logic_error@std@@UAE@XZ 1102da58 f i libcpmt:string.obj
 0001:0002ca95       ??_Glogic_error@std@@UAEPAXI@Z 1102da95 f i libcpmt:string.obj
 0001:0002ca95       ??_Elogic_error@std@@UAEPAXI@Z 1102da95 f i libcpmt:string.obj
 0001:0002cab1       ??0logic_error@std@@QAE@ABV01@@Z 1102dab1 f i libcpmt:string.obj
 0001:0002cb0e       ??1length_error@std@@UAE@XZ 1102db0e f i libcpmt:string.obj
 0001:0002cb4b       ?_Doraise@length_error@std@@MBEXXZ 1102db4b f i libcpmt:string.obj
 0001:0002cb68       ??_Elength_error@std@@UAEPAXI@Z 1102db68 f i libcpmt:string.obj
 0001:0002cb68       ??_Glength_error@std@@UAEPAXI@Z 1102db68 f i libcpmt:string.obj
 0001:0002cb84       ??0length_error@std@@QAE@ABV01@@Z 1102db84 f i libcpmt:string.obj
 0001:0002cb9c       ?_Xran@std@@YAXXZ          1102db9c f   libcpmt:string.obj
 0001:0002cbf6       ??1out_of_range@std@@UAE@XZ 1102dbf6 f i libcpmt:string.obj
 0001:0002cc33       ?_Doraise@out_of_range@std@@MBEXXZ 1102dc33 f i libcpmt:string.obj
 0001:0002cc50       ??_Gout_of_range@std@@UAEPAXI@Z 1102dc50 f i libcpmt:string.obj
 0001:0002cc50       ??_Eout_of_range@std@@UAEPAXI@Z 1102dc50 f i libcpmt:string.obj
 0001:0002cc6c       ??0out_of_range@std@@QAE@ABV01@@Z 1102dc6c f i libcpmt:string.obj
 0001:0002ccc6       ?id@?$collate@D@std@@$E    1102dcc6 f i libcpmt:string.obj
 0001:0002ccc8       _RtlUnwind@16              1102dcc8 f   kernel32:KERNEL32.dll
 0001:0002ccce       _chdir                     1102dcce f   LIBCMT:chdir.obj
 0001:0002ccce       __chdir                    1102dcce f   LIBCMT:chdir.obj
 0001:0002cd54       _fileno                    1102dd54 f   LIBCMT:fileno.obj
 0001:0002cd54       __fileno                   1102dd54 f   LIBCMT:fileno.obj
 0001:0002cd5c       __fdopen                   1102dd5c f   LIBCMT:fdopen.obj
 0001:0002cd5c       _fdopen                    1102dd5c f   LIBCMT:fdopen.obj
 0001:0002ce4f       _putenv                    1102de4f f   LIBCMT:putenv.obj
 0001:0002ce4f       __putenv                   1102de4f f   LIBCMT:putenv.obj
 0001:0002ce70       __putenv_lk                1102de70 f   LIBCMT:putenv.obj
 0001:0002cf04       _remove                    1102df04 f   LIBCMT:unlink.obj
 0001:0002cf2e       _unlink                    1102df2e f   LIBCMT:unlink.obj
 0001:0002cf2e       __unlink                   1102df2e f   LIBCMT:unlink.obj
 0001:0002cf39       _chmod                     1102df39 f   LIBCMT:chmod.obj
 0001:0002cf39       __chmod                    1102df39 f   LIBCMT:chmod.obj
 0001:0002cf78       _mktemp                    1102df78 f   LIBCMT:mktemp.obj
 0001:0002cf78       __mktemp                   1102df78 f   LIBCMT:mktemp.obj
 0001:0002d042       __strupr                   1102e042 f   LIBCMT:strupr.obj
 0001:0002d042       _strupr                    1102e042 f   LIBCMT:strupr.obj
 0001:0002d176       __utime                    1102e176 f   LIBCMT:utime.obj
 0001:0002d176       _utime                     1102e176 f   LIBCMT:utime.obj
 0001:0002d1ad       __futime                   1102e1ad f   LIBCMT:utime.obj
 0001:0002d2e4       _rmdir                     1102e2e4 f   LIBCMT:rmdir.obj
 0001:0002d2e4       __rmdir                    1102e2e4 f   LIBCMT:rmdir.obj
 0001:0002d30e       ??_Gexception@@UAEPAXI@Z   1102e30e f i LIBCMT:stdexcpt.obj
 0001:0002d30e       ??_Eexception@@UAEPAXI@Z   1102e30e f i LIBCMT:stdexcpt.obj
 0001:0002d32a       ??0exception@@QAE@ABQBD@Z  1102e32a f   LIBCMT:stdexcpt.obj
 0001:0002d367       ??0exception@@QAE@ABV0@@Z  1102e367 f   LIBCMT:stdexcpt.obj
 0001:0002d3b1       ??1exception@@UAE@XZ       1102e3b1 f   LIBCMT:stdexcpt.obj
 0001:0002d3c7       ?what@exception@@UBEPBDXZ  1102e3c7 f   LIBCMT:stdexcpt.obj
 0001:0002d3d4       ??1type_info@@UAE@XZ       1102e3d4 f   LIBCMT:typinfo.obj
 0001:0002d3fd       ??_Gtype_info@@UAEPAXI@Z   1102e3fd f i LIBCMT:typinfo.obj
 0001:0002d3fd       ??_Etype_info@@UAEPAXI@Z   1102e3fd f i LIBCMT:typinfo.obj
 0001:0002d41c       __EH_prolog                1102e41c f   LIBCMT:ehprolog.obj
 0001:0002d43b       __CxxThrowException@8      1102e43b f   LIBCMT:throw.obj
 0001:0002d475       __mbctoupper               1102e475 f   LIBCMT:mbtoupr.obj
 0001:0002d4f0       ___crtwsetenv              1102e4f0 f   LIBCMT:wsetenv.obj
 0001:0002d746       __access                   1102e746 f   LIBCMT:access.obj
 0001:0002d78c       __ismbstrail               1102e78c f   LIBCMT:ismbstr.obj
 0001:0002d7e8       _wcscpy                    1102e7e8 f   LIBCMT:wcscat.obj
 0001:0002d80d       _wcslen                    1102e80d f   LIBCMT:wcslen.obj
 0001:0002d82a       ___mbtow_environ           1102e82a f   LIBCMT:mbtowenv.obj
 0001:0002d892       _wcschr                    1102e892 f   LIBCMT:wcschr.obj
 0001:0002d8bb       __wcsnicoll                1102e8bb f   LIBCMT:wcsnicol.obj
 0001:0002d99c       __wcsdup                   1102e99c f   LIBCMT:wcsdup.obj
 0001:0002d9ca       ___crtCompareStringW       1102e9ca f   LIBCMT:w_cmp.obj
 0001:0002dbe5       __wcsnicmp                 1102ebe5 f   LIBCMT:wcsnicmp.obj
 0001:0002dcdd       __towlower_lk              1102ecdd f   LIBCMT:towlower.obj
 0001:0002dd52       ___crtLCMapStringW         1102ed52 f   LIBCMT:w_map.obj
 0001:0002df8b       _iswctype                  1102ef8b f   LIBCMT:iswctype.obj
 0002:00000000       __imp__OpenProcessToken@12 11030000     advapi32:ADVAPI32.dll
 0002:00000004       __imp__AdjustTokenPrivileges@24 11030004     advapi32:ADVAPI32.dll
 0002:00000008       __imp__GetSecurityDescriptorLength@4 11030008     advapi32:ADVAPI32.dll
 0002:0000000c       __imp__GetKernelObjectSecurity@20 1103000c     advapi32:ADVAPI32.dll
 0002:00000010       __imp__LookupPrivilegeValueA@12 11030010     advapi32:ADVAPI32.dll
 0002:00000014       \177ADVAPI32_NULL_THUNK_DATA 11030014     advapi32:ADVAPI32.dll
 0002:00000018       __imp__FindClose@4         11030018     kernel32:KERNEL32.dll
 0002:0000001c       __imp__FindNextFileA@8     1103001c     kernel32:KERNEL32.dll
 0002:00000020       __imp__FindFirstFileA@8    11030020     kernel32:KERNEL32.dll
 0002:00000024       __imp__DeleteFileA@4       11030024     kernel32:KERNEL32.dll
 0002:00000028       __imp__CloseHandle@4       11030028     kernel32:KERNEL32.dll
 0002:0000002c       __imp__WriteFile@20        1103002c     kernel32:KERNEL32.dll
 0002:00000030       __imp__SetFilePointer@16   11030030     kernel32:KERNEL32.dll
 0002:00000034       __imp__GetFileSize@8       11030034     kernel32:KERNEL32.dll
 0002:00000038       __imp__CreateFileA@28      11030038     kernel32:KERNEL32.dll
 0002:0000003c       __imp__CopyFileA@12        1103003c     kernel32:KERNEL32.dll
 0002:00000040       __imp__GetTempFileNameA@16 11030040     kernel32:KERNEL32.dll
 0002:00000044       __imp__GetProcAddress@8    11030044     kernel32:KERNEL32.dll
 0002:00000048       __imp__LoadLibraryA@4      11030048     kernel32:KERNEL32.dll
 0002:0000004c       __imp__GetFileAttributesA@4 1103004c     kernel32:KERNEL32.dll
 0002:00000050       __imp__ReadFile@20         11030050     kernel32:KERNEL32.dll
 0002:00000054       __imp__FlushFileBuffers@4  11030054     kernel32:KERNEL32.dll
 0002:00000058       __imp__RaiseException@16   11030058     kernel32:KERNEL32.dll
 0002:0000005c       __imp__RemoveDirectoryA@4  1103005c     kernel32:KERNEL32.dll
 0002:00000060       __imp__lstrcatA@8          11030060     kernel32:KERNEL32.dll
 0002:00000064       __imp__lstrcpyA@8          11030064     kernel32:KERNEL32.dll
 0002:00000068       __imp__lstrlenA@4          11030068     kernel32:KERNEL32.dll
 0002:0000006c       __imp__GlobalLock@4        1103006c     kernel32:KERNEL32.dll
 0002:00000070       __imp__GlobalAlloc@8       11030070     kernel32:KERNEL32.dll
 0002:00000074       __imp__GlobalFree@4        11030074     kernel32:KERNEL32.dll
 0002:00000078       __imp__GlobalUnlock@4      11030078     kernel32:KERNEL32.dll
 0002:0000007c       __imp__GetVolumeInformationA@32 1103007c     kernel32:KERNEL32.dll
 0002:00000080       __imp__SetFileAttributesA@8 11030080     kernel32:KERNEL32.dll
 0002:00000084       __imp__GetVersion@0        11030084     kernel32:KERNEL32.dll
 0002:00000088       __imp__GetFileType@4       11030088     kernel32:KERNEL32.dll
 0002:0000008c       __imp__GetFileTime@16      1103008c     kernel32:KERNEL32.dll
 0002:00000090       __imp__GetFullPathNameA@16 11030090     kernel32:KERNEL32.dll
 0002:00000094       __imp__FileTimeToSystemTime@8 11030094     kernel32:KERNEL32.dll
 0002:00000098       __imp__FileTimeToLocalFileTime@8 11030098     kernel32:KERNEL32.dll
 0002:0000009c       __imp__GetLastError@0      1103009c     kernel32:KERNEL32.dll
 0002:000000a0       __imp__lstrcpynA@12        110300a0     kernel32:KERNEL32.dll
 0002:000000a4       __imp__GetDriveTypeA@4     110300a4     kernel32:KERNEL32.dll
 0002:000000a8       __imp__LeaveCriticalSection@4 110300a8     kernel32:KERNEL32.dll
 0002:000000ac       __imp__lstrcmpiA@8         110300ac     kernel32:KERNEL32.dll
 0002:000000b0       __imp__EnterCriticalSection@4 110300b0     kernel32:KERNEL32.dll
 0002:000000b4       __imp__InitializeCriticalSection@4 110300b4     kernel32:KERNEL32.dll
 0002:000000b8       __imp__ReleaseMutex@4      110300b8     kernel32:KERNEL32.dll
 0002:000000bc       __imp__WaitForSingleObject@8 110300bc     kernel32:KERNEL32.dll
 0002:000000c0       __imp__InterlockedExchange@8 110300c0     kernel32:KERNEL32.dll
 0002:000000c4       __imp__CreateMutexA@12     110300c4     kernel32:KERNEL32.dll
 0002:000000c8       __imp__HeapFree@12         110300c8     kernel32:KERNEL32.dll
 0002:000000cc       __imp__HeapAlloc@12        110300cc     kernel32:KERNEL32.dll
 0002:000000d0       __imp__GetProcessHeap@0    110300d0     kernel32:KERNEL32.dll
 0002:000000d4       __imp__GetCurrentProcess@0 110300d4     kernel32:KERNEL32.dll
 0002:000000d8       __imp__GetCPInfo@8         110300d8     kernel32:KERNEL32.dll
 0002:000000dc       __imp__GetACP@0            110300dc     kernel32:KERNEL32.dll
 0002:000000e0       __imp__GetOEMCP@0          110300e0     kernel32:KERNEL32.dll
 0002:000000e4       __imp__Sleep@4             110300e4     kernel32:KERNEL32.dll
 0002:000000e8       __imp__RtlUnwind@16        110300e8     kernel32:KERNEL32.dll
 0002:000000ec       __imp__GetCommandLineA@0   110300ec     kernel32:KERNEL32.dll
 0002:000000f0       __imp__HeapReAlloc@16      110300f0     kernel32:KERNEL32.dll
 0002:000000f4       __imp__HeapSize@12         110300f4     kernel32:KERNEL32.dll
 0002:000000f8       __imp__CreateDirectoryA@8  110300f8     kernel32:KERNEL32.dll
 0002:000000fc       __imp__InterlockedIncrement@4 110300fc     kernel32:KERNEL32.dll
 0002:00000100       __imp__GetTimeZoneInformation@4 11030100     kernel32:KERNEL32.dll
 0002:00000104       __imp__GetSystemTime@4     11030104     kernel32:KERNEL32.dll
 0002:00000108       __imp__GetLocalTime@4      11030108     kernel32:KERNEL32.dll
 0002:0000010c       __imp__MultiByteToWideChar@24 1103010c     kernel32:KERNEL32.dll
 0002:00000110       __imp__MoveFileA@8         11030110     kernel32:KERNEL32.dll
 0002:00000114       __imp__SetStdHandle@8      11030114     kernel32:KERNEL32.dll
 0002:00000118       __imp__GetFileInformationByHandle@8 11030118     kernel32:KERNEL32.dll
 0002:0000011c       __imp__PeekNamedPipe@24    1103011c     kernel32:KERNEL32.dll
 0002:00000120       __imp__SetHandleCount@4    11030120     kernel32:KERNEL32.dll
 0002:00000124       __imp__GetStdHandle@4      11030124     kernel32:KERNEL32.dll
 0002:00000128       __imp__GetStartupInfoA@4   11030128     kernel32:KERNEL32.dll
 0002:0000012c       __imp__DeleteCriticalSection@4 1103012c     kernel32:KERNEL32.dll
 0002:00000130       __imp__ExitProcess@4       11030130     kernel32:KERNEL32.dll
 0002:00000134       __imp__WideCharToMultiByte@32 11030134     kernel32:KERNEL32.dll
 0002:00000138       __imp__LCMapStringA@24     11030138     kernel32:KERNEL32.dll
 0002:0000013c       __imp__LCMapStringW@24     1103013c     kernel32:KERNEL32.dll
 0002:00000140       __imp__GetStringTypeA@20   11030140     kernel32:KERNEL32.dll
 0002:00000144       __imp__GetStringTypeW@16   11030144     kernel32:KERNEL32.dll
 0002:00000148       __imp__TerminateProcess@8  11030148     kernel32:KERNEL32.dll
 0002:0000014c       __imp__IsValidLocale@8     1103014c     kernel32:KERNEL32.dll
 0002:00000150       __imp__IsValidCodePage@4   11030150     kernel32:KERNEL32.dll
 0002:00000154       __imp__GetLocaleInfoA@16   11030154     kernel32:KERNEL32.dll
 0002:00000158       __imp__EnumSystemLocalesA@8 11030158     kernel32:KERNEL32.dll
 0002:0000015c       __imp__GetUserDefaultLCID@0 1103015c     kernel32:KERNEL32.dll
 0002:00000160       __imp__GetVersionExA@4     11030160     kernel32:KERNEL32.dll
 0002:00000164       __imp__GetCurrentThreadId@0 11030164     kernel32:KERNEL32.dll
 0002:00000168       __imp__TlsSetValue@8       11030168     kernel32:KERNEL32.dll
 0002:0000016c       __imp__TlsAlloc@0          1103016c     kernel32:KERNEL32.dll
 0002:00000170       __imp__TlsFree@4           11030170     kernel32:KERNEL32.dll
 0002:00000174       __imp__SetLastError@4      11030174     kernel32:KERNEL32.dll
 0002:00000178       __imp__TlsGetValue@4       11030178     kernel32:KERNEL32.dll
 0002:0000017c       __imp__GetModuleHandleA@4  1103017c     kernel32:KERNEL32.dll
 0002:00000180       __imp__GetModuleFileNameA@12 11030180     kernel32:KERNEL32.dll
 0002:00000184       __imp__GetEnvironmentVariableA@12 11030184     kernel32:KERNEL32.dll
 0002:00000188       __imp__HeapDestroy@4       11030188     kernel32:KERNEL32.dll
 0002:0000018c       __imp__HeapCreate@12       1103018c     kernel32:KERNEL32.dll
 0002:00000190       __imp__VirtualFree@12      11030190     kernel32:KERNEL32.dll
 0002:00000194       __imp__VirtualAlloc@16     11030194     kernel32:KERNEL32.dll
 0002:00000198       __imp__IsBadWritePtr@8     11030198     kernel32:KERNEL32.dll
 0002:0000019c       __imp__FreeEnvironmentStringsA@4 1103019c     kernel32:KERNEL32.dll
 0002:000001a0       __imp__FreeEnvironmentStringsW@4 110301a0     kernel32:KERNEL32.dll
 0002:000001a4       __imp__GetEnvironmentStrings@0 110301a4     kernel32:KERNEL32.dll
 0002:000001a8       __imp__GetEnvironmentStringsW@0 110301a8     kernel32:KERNEL32.dll
 0002:000001ac       __imp__SetEndOfFile@4      110301ac     kernel32:KERNEL32.dll
 0002:000001b0       __imp__SetUnhandledExceptionFilter@4 110301b0     kernel32:KERNEL32.dll
 0002:000001b4       __imp__IsBadReadPtr@8      110301b4     kernel32:KERNEL32.dll
 0002:000001b8       __imp__IsBadCodePtr@4      110301b8     kernel32:KERNEL32.dll
 0002:000001bc       __imp__CompareStringA@24   110301bc     kernel32:KERNEL32.dll
 0002:000001c0       __imp__CompareStringW@24   110301c0     kernel32:KERNEL32.dll
 0002:000001c4       __imp__SetEnvironmentVariableA@8 110301c4     kernel32:KERNEL32.dll
 0002:000001c8       __imp__GetLocaleInfoW@16   110301c8     kernel32:KERNEL32.dll
 0002:000001cc       __imp__SystemTimeToFileTime@8 110301cc     kernel32:KERNEL32.dll
 0002:000001d0       __imp__LocalFileTimeToFileTime@8 110301d0     kernel32:KERNEL32.dll
 0002:000001d4       __imp__SetFileTime@16      110301d4     kernel32:KERNEL32.dll
 0002:000001d8       __imp__GetTempPathA@8      110301d8     kernel32:KERNEL32.dll
 0002:000001dc       __imp__GetCurrentDirectoryA@8 110301dc     kernel32:KERNEL32.dll
 0002:000001e0       __imp__SetCurrentDirectoryA@4 110301e0     kernel32:KERNEL32.dll
 0002:000001e4       __imp__DisableThreadLibraryCalls@4 110301e4     kernel32:KERNEL32.dll
 0002:000001e8       __imp__InterlockedDecrement@4 110301e8     kernel32:KERNEL32.dll
 0002:000001ec       __imp__FreeLibrary@4       110301ec     kernel32:KERNEL32.dll
 0002:000001f0       __imp__SetEnvironmentVariableW@8 110301f0     kernel32:KERNEL32.dll
 0002:000001f4       \177KERNEL32_NULL_THUNK_DATA 110301f4     kernel32:KERNEL32.dll
 0002:000001f8       __imp__SetupIterateCabinetA@16 110301f8     setupapi:SETUPAPI.dll
 0002:000001fc       \177SETUPAPI_NULL_THUNK_DATA 110301fc     setupapi:SETUPAPI.dll
 0002:00000200       __imp__wvsprintfA@12       11030200     user32:USER32.dll
 0002:00000204       __imp__CharToOemA@8        11030204     user32:USER32.dll
 0002:00000208       __imp__OemToCharA@8        11030208     user32:USER32.dll
 0002:0000020c       \177USER32_NULL_THUNK_DATA 1103020c     user32:USER32.dll
 0002:00000210       ??_C@_02NGAF@wb?$AA@       11030210     ioapi.obj
 0002:00000214       ??_C@_03LLMP@r?$CLb?$AA@   11030214     ioapi.obj
 0002:00000218       ??_C@_02JKAF@rb?$AA@       11030218     ioapi.obj
 0002:00000234       ??_C@_00A@?$AA@            11030234     kei.obj
 0002:00000238       ??_C@_01FDHG@?$CK?$AA@     11030238     kei.obj
 0002:0000023c       ??_C@_01PCFE@?2?$AA@       1103023c     kei.obj
 0002:00000240       ??_C@_03DCMC@?$CK?4?$CK?$AA@ 11030240     kei.obj
 0002:00000244       ??_C@_03PKEJ@txt?$AA@      11030244     kei.obj
 0002:00000248       ??_C@_03IKNC@exe?$AA@      11030248     kei.obj
 0002:0000024c       ??_C@_03PKBH@cab?$AA@      1103024c     kei.obj
 0002:00000250       ??_C@_03DBFH@lzh?$AA@      11030250     kei.obj
 0002:00000254       ??_C@_01A@?$AA?$AA@        11030254     kei.obj
 0002:00000258       ??_C@_03JLAJ@kei?$AA@      11030258     kei.obj
 0002:0000025c       ??_C@_0DA@FFNC@e?5?9n1?5?9s1?5?9y1?5?9gm1?5?9jc1?5?9jr1?5?9x1@ 1103025c     kei.obj
 0002:0000028c       ??_C@_05KIIO@Unlha?$AA@    1103028c     kei.obj
 0002:00000294       ??_C@_0M@MFKA@unlha32?4dll?$AA@ 11030294     kei.obj
 0002:000002a0       ??_C@_01PJCK@?4?$AA@       110302a0     kei.obj
 0002:000002a4       ??_C@_02OOND@?4?4?$AA@     110302a4     kei.obj
 0002:000002a8       ??_C@_03IIIE@lha?$AA@      110302a8     kei.obj
 0002:000002ac       ??_C@_02CFMC@?9l?$AA@      110302ac     kei.obj
 0002:000002b0       ??_C@_03FANE@zip?$AA@      110302b0     kei.obj
 0002:000002b4       ??_C@_04HDCD@PK?$AD?$AE?$AA@ 110302b4     kei.obj
 0002:000002bc       ??_C@_04FHBM@MSCF?$AA@     110302bc     kei.obj
 0002:000002c4       _unz_copyright             110302c4     unzip.obj
 0002:00000318       ??_C@_07ILFL@1?41?44?96?$AA@ 11030318     unzip.obj
 0002:00000320       ?_C@?1??_Nullstr@?$basic_string@DU?$char_traits@D@std@@V?$allocator@D@2@@std@@CAPBDXZ@4DB 11030320     unzipex.obj
 0002:00000324       ?npos@?$basic_string@DU?$char_traits@D@std@@V?$allocator@D@2@@std@@2IB 11030324     unzipex.obj
 0002:00000778       _inflate_copyright         11030778     zlib:inftrees.obj
 0002:00000ad8       ??_C@_07PCLE@LC_TIME?$AA@  11030ad8     LIBCMT:setlocal.obj
 0002:00000ae0       ??_C@_0L@NKG@LC_NUMERIC?$AA@ 11030ae0     LIBCMT:setlocal.obj
 0002:00000aec       ??_C@_0M@CBIH@LC_MONETARY?$AA@ 11030aec     LIBCMT:setlocal.obj
 0002:00000af8       ??_C@_08LFGE@LC_CTYPE?$AA@ 11030af8     LIBCMT:setlocal.obj
 0002:00000b04       ??_C@_0L@CFLC@LC_COLLATE?$AA@ 11030b04     LIBCMT:setlocal.obj
 0002:00000b10       ??_C@_06GCPK@LC_ALL?$AA@   11030b10     LIBCMT:setlocal.obj
 0002:00000b18       ??_C@_02BGDO@?$DN?$DL?$AA@ 11030b18     LIBCMT:setlocal.obj
 0002:00000b1c       ??_C@_01KPOD@?$DN?$AA@     11030b1c     LIBCMT:setlocal.obj
 0002:00000b20       ??_C@_03DBOJ@_?4?0?$AA@    11030b20     LIBCMT:setlocal.obj
 0002:00000b24       ??_C@_01NON@_?$AA@         11030b24     LIBCMT:setlocal.obj
 0002:00000b88       ??_C@_03MNBA@?4?1?2?$AA@   11030b88     LIBCMT:stati64.obj
 0002:00000b8c       ??_C@_02DIIM@?$DP?$CK?$AA@ 11030b8c     LIBCMT:stati64.obj
 0002:00000b90       ??_C@_13A@?$AA?$AA?$AA?$AA@ 11030b90     LIBCMT:a_map.obj
 0002:00000bbc       ??_C@_08OBJD@Paraguay?$AA@ 11030bbc     LIBCMT:getqloc.obj
 0002:00000bc8       ??_C@_07GLKH@Uruguay?$AA@  11030bc8     LIBCMT:getqloc.obj
 0002:00000bd0       ??_C@_05FPFC@Chile?$AA@    11030bd0     LIBCMT:getqloc.obj
 0002:00000bd8       ??_C@_07IIGF@Ecuador?$AA@  11030bd8     LIBCMT:getqloc.obj
 0002:00000be0       ??_C@_09PKAL@Argentina?$AA@ 11030be0     LIBCMT:getqloc.obj
 0002:00000bec       ??_C@_04LKAH@Peru?$AA@     11030bec     LIBCMT:getqloc.obj
 0002:00000bf4       ??_C@_08NEEM@Colombia?$AA@ 11030bf4     LIBCMT:getqloc.obj
 0002:00000c00       ??_C@_09ODEB@Venezuela?$AA@ 11030c00     LIBCMT:getqloc.obj
 0002:00000c0c       ??_C@_0BD@CLEL@Dominican?5Republic?$AA@ 11030c0c     LIBCMT:getqloc.obj
 0002:00000c20       ??_C@_0N@MDGL@South?5Africa?$AA@ 11030c20     LIBCMT:getqloc.obj
 0002:00000c30       ??_C@_06NKBG@Panama?$AA@   11030c30     LIBCMT:getqloc.obj
 0002:00000c38       ??_C@_0L@BMHO@Luxembourg?$AA@ 11030c38     LIBCMT:getqloc.obj
 0002:00000c44       ??_C@_0L@IMDK@Costa?5Rica?$AA@ 11030c44     LIBCMT:getqloc.obj
 0002:00000c50       ??_C@_0M@BLJF@Switzerland?$AA@ 11030c50     LIBCMT:getqloc.obj
 0002:00000c5c       ??_C@_09KBOL@Guatemala?$AA@ 11030c5c     LIBCMT:getqloc.obj
 0002:00000c68       ??_C@_06JNAK@Canada?$AA@   11030c68     LIBCMT:getqloc.obj
 0002:00000c70       ??_C@_0BG@OLLP@Spanish?5?9?5Modern?5Sort?$AA@ 11030c70     LIBCMT:getqloc.obj
 0002:00000c88       ??_C@_09IDKE@Australia?$AA@ 11030c88     LIBCMT:getqloc.obj
 0002:00000c94       ??_C@_07JJJJ@English?$AA@  11030c94     LIBCMT:getqloc.obj
 0002:00000c9c       ??_C@_07NMDO@Austria?$AA@  11030c9c     LIBCMT:getqloc.obj
 0002:00000ca4       ??_C@_06DEFE@German?$AA@   11030ca4     LIBCMT:getqloc.obj
 0002:00000cac       ??_C@_07JAIH@Belgium?$AA@  11030cac     LIBCMT:getqloc.obj
 0002:00000cb4       ??_C@_06BNLJ@Mexico?$AA@   11030cb4     LIBCMT:getqloc.obj
 0002:00000cbc       ??_C@_07JHAG@Spanish?$AA@  11030cbc     LIBCMT:getqloc.obj
 0002:00000cc4       ??_C@_06DADE@Basque?$AA@   11030cc4     LIBCMT:getqloc.obj
 0002:00000ccc       ??_C@_06ENFP@Sweden?$AA@   11030ccc     LIBCMT:getqloc.obj
 0002:00000cd4       ??_C@_07JPMH@Swedish?$AA@  11030cd4     LIBCMT:getqloc.obj
 0002:00000cdc       ??_C@_07IEKF@Iceland?$AA@  11030cdc     LIBCMT:getqloc.obj
 0002:00000ce4       ??_C@_09KNEA@Icelandic?$AA@ 11030ce4     LIBCMT:getqloc.obj
 0002:00000cf0       ??_C@_06IJOD@France?$AA@   11030cf0     LIBCMT:getqloc.obj
 0002:00000cf8       ??_C@_06EINI@French?$AA@   11030cf8     LIBCMT:getqloc.obj
 0002:00000d00       ??_C@_07FOOE@Finland?$AA@  11030d00     LIBCMT:getqloc.obj
 0002:00000d08       ??_C@_07OJOM@Finnish?$AA@  11030d08     LIBCMT:getqloc.obj
 0002:00000d10       ??_C@_05FFAC@Spain?$AA@    11030d10     LIBCMT:getqloc.obj
 0002:00000d18       ??_C@_0BL@BIHM@Spanish?5?9?5Traditional?5Sort?$AA@ 11030d18     LIBCMT:getqloc.obj
 0002:00000d34       ??_C@_0O@GLHB@united?9states?$AA@ 11030d34     LIBCMT:getqloc.obj
 0002:00000d44       ??_C@_0P@IIKK@united?9kingdom?$AA@ 11030d44     LIBCMT:getqloc.obj
 0002:00000d54       ??_C@_0BC@FHBO@trinidad?5?$CG?5tobago?$AA@ 11030d54     LIBCMT:getqloc.obj
 0002:00000d68       ??_C@_0M@BDFM@south?9korea?$AA@ 11030d68     LIBCMT:getqloc.obj
 0002:00000d74       ??_C@_0N@CKFA@south?9africa?$AA@ 11030d74     LIBCMT:getqloc.obj
 0002:00000d84       ??_C@_0M@HNHN@south?5korea?$AA@ 11030d84     LIBCMT:getqloc.obj
 0002:00000d90       ??_C@_0N@MKDO@south?5africa?$AA@ 11030d90     LIBCMT:getqloc.obj
 0002:00000da0       ??_C@_06KFFJ@slovak?$AA@   11030da0     LIBCMT:getqloc.obj
 0002:00000da8       ??_C@_0M@NMAC@puerto?9rico?$AA@ 11030da8     LIBCMT:getqloc.obj
 0002:00000db4       ??_C@_08EJOH@pr?9china?$AA@ 11030db4     LIBCMT:getqloc.obj
 0002:00000dc0       ??_C@_08CHMG@pr?5china?$AA@ 11030dc0     LIBCMT:getqloc.obj
 0002:00000dcc       ??_C@_02OCJK@nz?$AA@       11030dcc     LIBCMT:getqloc.obj
 0002:00000dd0       ??_C@_0M@MMKA@new?9zealand?$AA@ 11030dd0     LIBCMT:getqloc.obj
 0002:00000ddc       ??_C@_09MGEH@hong?9kong?$AA@ 11030ddc     LIBCMT:getqloc.obj
 0002:00000de8       ??_C@_07CCAK@holland?$AA@  11030de8     LIBCMT:getqloc.obj
 0002:00000df0       ??_C@_0O@MEPL@great?5britain?$AA@ 11030df0     LIBCMT:getqloc.obj
 0002:00000e00       ??_C@_07LGIB@england?$AA@  11030e00     LIBCMT:getqloc.obj
 0002:00000e08       ??_C@_05BMOA@czech?$AA@    11030e08     LIBCMT:getqloc.obj
 0002:00000e10       ??_C@_05NMPB@china?$AA@    11030e10     LIBCMT:getqloc.obj
 0002:00000e18       ??_C@_07GN@britain?$AA@    11030e18     LIBCMT:getqloc.obj
 0002:00000e20       ??_C@_07DLAK@america?$AA@  11030e20     LIBCMT:getqloc.obj
 0002:00000e28       ??_C@_03IPEP@usa?$AA@      11030e28     LIBCMT:getqloc.obj
 0002:00000e2c       ??_C@_02PILH@us?$AA@       11030e2c     LIBCMT:getqloc.obj
 0002:00000e30       ??_C@_02FHP@uk?$AA@        11030e30     LIBCMT:getqloc.obj
 0002:00000e34       ??_C@_05DEAI@swiss?$AA@    11030e34     LIBCMT:getqloc.obj
 0002:00000e3c       ??_C@_0BA@LIAF@swedish?9finland?$AA@ 11030e3c     LIBCMT:getqloc.obj
 0002:00000e4c       ??_C@_0BC@FMEG@spanish?9venezuela?$AA@ 11030e4c     LIBCMT:getqloc.obj
 0002:00000e60       ??_C@_0BA@BNMG@spanish?9uruguay?$AA@ 11030e60     LIBCMT:getqloc.obj
 0002:00000e70       ??_C@_0BE@BKDJ@spanish?9puerto?5rico?$AA@ 11030e70     LIBCMT:getqloc.obj
 0002:00000e84       ??_C@_0N@JIBL@spanish?9peru?$AA@ 11030e84     LIBCMT:getqloc.obj
 0002:00000e94       ??_C@_0BB@OGOF@spanish?9paraguay?$AA@ 11030e94     LIBCMT:getqloc.obj
 0002:00000ea8       ??_C@_0P@LLFA@spanish?9panama?$AA@ 11030ea8     LIBCMT:getqloc.obj
 0002:00000eb8       ??_C@_0BC@BBJM@spanish?9nicaragua?$AA@ 11030eb8     LIBCMT:getqloc.obj
 0002:00000ecc       ??_C@_0P@NJBN@spanish?9modern?$AA@ 11030ecc     LIBCMT:getqloc.obj
 0002:00000edc       ??_C@_0BA@NHDN@spanish?9mexican?$AA@ 11030edc     LIBCMT:getqloc.obj
 0002:00000eec       ??_C@_0BB@JHOJ@spanish?9honduras?$AA@ 11030eec     LIBCMT:getqloc.obj
 0002:00000f00       ??_C@_0BC@BOOM@spanish?9guatemala?$AA@ 11030f00     LIBCMT:getqloc.obj
 0002:00000f14       ??_C@_0BE@EELI@spanish?9el?5salvador?$AA@ 11030f14     LIBCMT:getqloc.obj
 0002:00000f28       ??_C@_0BA@POAE@spanish?9ecuador?$AA@ 11030f28     LIBCMT:getqloc.obj
 0002:00000f38       ??_C@_0BL@LDKN@spanish?9dominican?5republic?$AA@ 11030f38     LIBCMT:getqloc.obj
 0002:00000f54       ??_C@_0BD@HPMH@spanish?9costa?5rica?$AA@ 11030f54     LIBCMT:getqloc.obj
 0002:00000f68       ??_C@_0BB@NDDK@spanish?9colombia?$AA@ 11030f68     LIBCMT:getqloc.obj
 0002:00000f7c       ??_C@_0O@BJHA@spanish?9chile?$AA@ 11030f7c     LIBCMT:getqloc.obj
 0002:00000f8c       ??_C@_0BA@OBNG@spanish?9bolivia?$AA@ 11030f8c     LIBCMT:getqloc.obj
 0002:00000f9c       ??_C@_0BC@EFAM@spanish?9argentina?$AA@ 11030f9c     LIBCMT:getqloc.obj
 0002:00000fb0       ??_C@_0BF@KMMM@portuguese?9brazilian?$AA@ 11030fb0     LIBCMT:getqloc.obj
 0002:00000fc8       ??_C@_0BC@BAAE@norwegian?9nynorsk?$AA@ 11030fc8     LIBCMT:getqloc.obj
 0002:00000fdc       ??_C@_0BB@PBHK@norwegian?9bokmal?$AA@ 11030fdc     LIBCMT:getqloc.obj
 0002:00000ff0       ??_C@_09EHKL@norwegian?$AA@ 11030ff0     LIBCMT:getqloc.obj
 0002:00000ffc       ??_C@_0O@BEAN@italian?9swiss?$AA@ 11030ffc     LIBCMT:getqloc.obj
 0002:0000100c       ??_C@_0O@OIFK@irish?9english?$AA@ 1103100c     LIBCMT:getqloc.obj
 0002:0000101c       ??_C@_0N@NBPL@german?9swiss?$AA@ 1103101c     LIBCMT:getqloc.obj
 0002:0000102c       ??_C@_0BC@ICFJ@german?9luxembourg?$AA@ 1103102c     LIBCMT:getqloc.obj
 0002:00001040       ??_C@_0BE@GGPC@german?9lichtenstein?$AA@ 11031040     LIBCMT:getqloc.obj
 0002:00001054       ??_C@_0BA@MKDC@german?9austrian?$AA@ 11031054     LIBCMT:getqloc.obj
 0002:00001064       ??_C@_0N@ODNB@french?9swiss?$AA@ 11031064     LIBCMT:getqloc.obj
 0002:00001074       ??_C@_0BC@MGCM@french?9luxembourg?$AA@ 11031074     LIBCMT:getqloc.obj
 0002:00001088       ??_C@_0BA@NABK@french?9canadian?$AA@ 11031088     LIBCMT:getqloc.obj
 0002:00001098       ??_C@_0P@CJNO@french?9belgian?$AA@ 11031098     LIBCMT:getqloc.obj
 0002:000010a8       ??_C@_0M@LJOL@english?9usa?$AA@ 110310a8     LIBCMT:getqloc.obj
 0002:000010b4       ??_C@_0L@FMNC@english?9us?$AA@ 110310b4     LIBCMT:getqloc.obj
 0002:000010c0       ??_C@_0L@KBBK@english?9uk?$AA@ 110310c0     LIBCMT:getqloc.obj
 0002:000010cc       ??_C@_0BK@NDDE@english?9trinidad?5y?5tobago?$AA@ 110310cc     LIBCMT:getqloc.obj
 0002:000010e8       ??_C@_0BF@LKML@english?9south?5africa?$AA@ 110310e8     LIBCMT:getqloc.obj
 0002:00001100       ??_C@_0L@EGPP@english?9nz?$AA@ 11031100     LIBCMT:getqloc.obj
 0002:0000110c       ??_C@_0BA@HLH@english?9jamaica?$AA@ 1103110c     LIBCMT:getqloc.obj
 0002:0000111c       ??_C@_0M@PMJI@english?9ire?$AA@ 1103111c     LIBCMT:getqloc.obj
 0002:00001128       ??_C@_0BC@HINE@english?9caribbean?$AA@ 11031128     LIBCMT:getqloc.obj
 0002:0000113c       ??_C@_0M@DCFH@english?9can?$AA@ 1103113c     LIBCMT:getqloc.obj
 0002:00001148       ??_C@_0P@DGHK@english?9belize?$AA@ 11031148     LIBCMT:getqloc.obj
 0002:00001158       ??_C@_0M@FLHK@english?9aus?$AA@ 11031158     LIBCMT:getqloc.obj
 0002:00001164       ??_C@_0BB@HNCK@english?9american?$AA@ 11031164     LIBCMT:getqloc.obj
 0002:00001178       ??_C@_0O@PAMI@dutch?9belgian?$AA@ 11031178     LIBCMT:getqloc.obj
 0002:00001188       ??_C@_0BE@FPEJ@chinese?9traditional?$AA@ 11031188     LIBCMT:getqloc.obj
 0002:0000119c       ??_C@_0BC@CHFL@chinese?9singapore?$AA@ 1103119c     LIBCMT:getqloc.obj
 0002:000011b0       ??_C@_0BD@DCMH@chinese?9simplified?$AA@ 110311b0     LIBCMT:getqloc.obj
 0002:000011c4       ??_C@_0BB@JMOE@chinese?9hongkong?$AA@ 110311c4     LIBCMT:getqloc.obj
 0002:000011d8       ??_C@_07NGFN@chinese?$AA@  110311d8     LIBCMT:getqloc.obj
 0002:000011e0       ??_C@_03PCOI@chi?$AA@      110311e0     LIBCMT:getqloc.obj
 0002:000011e4       ??_C@_03FIHP@chh?$AA@      110311e4     LIBCMT:getqloc.obj
 0002:000011e8       ??_C@_08HFLO@canadian?$AA@ 110311e8     LIBCMT:getqloc.obj
 0002:000011f4       ??_C@_07INIJ@belgian?$AA@  110311f4     LIBCMT:getqloc.obj
 0002:000011fc       ??_C@_0L@LCCA@australian?$AA@ 110311fc     LIBCMT:getqloc.obj
 0002:00001208       ??_C@_0BB@BJIO@american?9english?$AA@ 11031208     LIBCMT:getqloc.obj
 0002:0000121c       ??_C@_0BB@DAGO@american?5english?$AA@ 1103121c     LIBCMT:getqloc.obj
 0002:00001230       ??_C@_08HENB@american?$AA@ 11031230     LIBCMT:getqloc.obj
 0002:0000123c       ??_C@_03DGJE@OCP?$AA@      1103123c     LIBCMT:getqloc.obj
 0002:00001240       ??_C@_03EKFG@ACP?$AA@      11031240     LIBCMT:getqloc.obj
 0002:000012c0       ??_C@_0BH@PHHF@__GLOBAL_HEAP_SELECTED?$AA@ 110312c0     LIBCMT:heapinit.obj
 0002:000012d8       ??_C@_0BF@BBGL@__MSVCRT_HEAP_SELECT?$AA@ 110312d8     LIBCMT:heapinit.obj
 0002:000012f0       ___lookuptable             110312f0     LIBCMT:output.obj
 0002:0000134c       ??_C@_1O@POHA@?$AA?$CI?$AAn?$AAu?$AAl?$AAl?$AA?$CJ?$AA?$AA@ 1103134c     LIBCMT:output.obj
 0002:0000135c       ??_C@_06ONKE@?$CInull?$CJ?$AA@ 1103135c     LIBCMT:output.obj
 0002:00001364       ??_C@_0P@GGKG@runtime?5error?5?$AA@ 11031364     LIBCMT:crt0msg.obj
 0002:00001374       ??_C@_02PIMC@?$AN?6?$AA@   11031374     LIBCMT:crt0msg.obj
 0002:00001378       ??_C@_0O@DELO@TLOSS?5error?$AN?6?$AA@ 11031378     LIBCMT:crt0msg.obj
 0002:00001388       ??_C@_0N@OMLL@SING?5error?$AN?6?$AA@ 11031388     LIBCMT:crt0msg.obj
 0002:00001398       ??_C@_0P@OJAK@DOMAIN?5error?$AN?6?$AA@ 11031398     LIBCMT:crt0msg.obj
 0002:000013a8       ??_C@_0CF@EANP@R6028?$AN?6?9?5unable?5to?5initialize?5he@ 110313a8     LIBCMT:crt0msg.obj
 0002:000013d0       ??_C@_0DF@ECGN@R6027?$AN?6?9?5not?5enough?5space?5for?5lo@ 110313d0     LIBCMT:crt0msg.obj
 0002:00001408       ??_C@_0DF@FKAC@R6026?$AN?6?9?5not?5enough?5space?5for?5st@ 11031408     LIBCMT:crt0msg.obj
 0002:00001440       ??_C@_0CG@DPMN@R6025?$AN?6?9?5pure?5virtual?5function?5c@ 11031440     LIBCMT:crt0msg.obj
 0002:00001468       ??_C@_0DF@CKIP@R6024?$AN?6?9?5not?5enough?5space?5for?5_o@ 11031468     LIBCMT:crt0msg.obj
 0002:000014a0       ??_C@_0CJ@GGOE@R6019?$AN?6?9?5unable?5to?5open?5console?5@ 110314a0     LIBCMT:crt0msg.obj
 0002:000014cc       ??_C@_0CB@LBOB@R6018?$AN?6?9?5unexpected?5heap?5error?$AN?6@ 110314cc     LIBCMT:crt0msg.obj
 0002:000014f0       ??_C@_0CN@FPEG@R6017?$AN?6?9?5unexpected?5multithread?5@ 110314f0     LIBCMT:crt0msg.obj
 0002:00001520       ??_C@_0CM@OBIC@R6016?$AN?6?9?5not?5enough?5space?5for?5th@ 11031520     LIBCMT:crt0msg.obj
 0002:0000154c       ??_C@_0CB@HPAL@?$AN?6abnormal?5program?5termination?$AN?6@ 1103154c     LIBCMT:crt0msg.obj
 0002:00001570       ??_C@_0CM@JOOB@R6009?$AN?6?9?5not?5enough?5space?5for?5en@ 11031570     LIBCMT:crt0msg.obj
 0002:0000159c       ??_C@_0CK@OIBL@R6008?$AN?6?9?5not?5enough?5space?5for?5ar@ 1103159c     LIBCMT:crt0msg.obj
 0002:000015c8       ??_C@_0CF@LKPB@R6002?$AN?6?9?5floating?5point?5not?5load@ 110315c8     LIBCMT:crt0msg.obj
 0002:000015f0       ??_C@_0CF@JPDF@Microsoft?5Visual?5C?$CL?$CL?5Runtime?5Lib@ 110315f0     LIBCMT:crt0msg.obj
 0002:00001618       ??_C@_0BK@DEOK@Runtime?5Error?$CB?6?6Program?3?5?$AA@ 11031618     LIBCMT:crt0msg.obj
 0002:00001634       ??_C@_03NAME@?4?4?4?$AA@   11031634     LIBCMT:crt0msg.obj
 0002:00001638       ??_C@_0BH@NNCD@?$DMprogram?5name?5unknown?$DO?$AA@ 11031638     LIBCMT:crt0msg.obj
 0002:00001674       ??_C@_0BG@JPLP@Illegal?5byte?5sequence?$AA@ 11031674     LIBCMT:syserr.obj
 0002:0000168c       ??_C@_0BE@FLBN@Directory?5not?5empty?$AA@ 1103168c     LIBCMT:syserr.obj
 0002:000016a0       ??_C@_0BJ@KAFL@Function?5not?5implemented?$AA@ 110316a0     LIBCMT:syserr.obj
 0002:000016bc       ??_C@_0BD@CEML@No?5locks?5available?$AA@ 110316bc     LIBCMT:syserr.obj
 0002:000016d0       ??_C@_0BC@GADJ@Filename?5too?5long?$AA@ 110316d0     LIBCMT:syserr.obj
 0002:000016e4       ??_C@_0BK@FNFN@Resource?5deadlock?5avoided?$AA@ 110316e4     LIBCMT:syserr.obj
 0002:00001700       ??_C@_0BB@EALI@Result?5too?5large?$AA@ 11031700     LIBCMT:syserr.obj
 0002:00001714       ??_C@_0N@FIAN@Domain?5error?$AA@ 11031714     LIBCMT:syserr.obj
 0002:00001724       ??_C@_0M@CLKF@Broken?5pipe?$AA@ 11031724     LIBCMT:syserr.obj
 0002:00001730       ??_C@_0P@OFDM@Too?5many?5links?$AA@ 11031730     LIBCMT:syserr.obj
 0002:00001740       ??_C@_0BG@OHDM@Read?9only?5file?5system?$AA@ 11031740     LIBCMT:syserr.obj
 0002:00001758       ??_C@_0N@NGPA@Invalid?5seek?$AA@ 11031758     LIBCMT:syserr.obj
 0002:00001768       ??_C@_0BI@DMFE@No?5space?5left?5on?5device?$AA@ 11031768     LIBCMT:syserr.obj
 0002:00001780       ??_C@_0P@OPNK@File?5too?5large?$AA@ 11031780     LIBCMT:syserr.obj
 0002:00001790       ??_C@_0CE@BADJ@Inappropriate?5I?1O?5control?5operat@ 11031790     LIBCMT:syserr.obj
 0002:000017b4       ??_C@_0BE@COOK@Too?5many?5open?5files?$AA@ 110317b4     LIBCMT:syserr.obj
 0002:000017c8       ??_C@_0BO@ELHF@Too?5many?5open?5files?5in?5system?$AA@ 110317c8     LIBCMT:syserr.obj
 0002:000017e8       ??_C@_0BB@IHAB@Invalid?5argument?$AA@ 110317e8     LIBCMT:syserr.obj
 0002:000017fc       ??_C@_0P@NDNC@Is?5a?5directory?$AA@ 110317fc     LIBCMT:syserr.obj
 0002:0000180c       ??_C@_0BA@JMMO@Not?5a?5directory?$AA@ 1103180c     LIBCMT:syserr.obj
 0002:0000181c       ??_C@_0P@GFAI@No?5such?5device?$AA@ 1103181c     LIBCMT:syserr.obj
 0002:0000182c       ??_C@_0O@KHHM@Improper?5link?$AA@ 1103182c     LIBCMT:syserr.obj
 0002:0000183c       ??_C@_0M@EPHJ@File?5exists?$AA@ 1103183c     LIBCMT:syserr.obj
 0002:00001848       ??_C@_0BA@LPOH@Resource?5device?$AA@ 11031848     LIBCMT:syserr.obj
 0002:00001858       ??_C@_0O@NOFB@Unknown?5error?$AA@ 11031858     LIBCMT:syserr.obj
 0002:00001868       ??_C@_0M@MLJM@Bad?5address?$AA@ 11031868     LIBCMT:syserr.obj
 0002:00001874       ??_C@_0BC@DJON@Permission?5denied?$AA@ 11031874     LIBCMT:syserr.obj
 0002:00001888       ??_C@_0BB@KDDC@Not?5enough?5space?$AA@ 11031888     LIBCMT:syserr.obj
 0002:0000189c       ??_C@_0CB@BBBH@Resource?5temporarily?5unavailable@ 1103189c     LIBCMT:syserr.obj
 0002:000018c0       ??_C@_0BD@ODIH@No?5child?5processes?$AA@ 110318c0     LIBCMT:syserr.obj
 0002:000018d4       ??_C@_0BE@CDDH@Bad?5file?5descriptor?$AA@ 110318d4     LIBCMT:syserr.obj
 0002:000018e8       ??_C@_0BC@BICL@Exec?5format?5error?$AA@ 110318e8     LIBCMT:syserr.obj
 0002:000018fc       ??_C@_0BC@IGMC@Arg?5list?5too?5long?$AA@ 110318fc     LIBCMT:syserr.obj
 0002:00001910       ??_C@_0BK@HLB@No?5such?5device?5or?5address?$AA@ 11031910     LIBCMT:syserr.obj
 0002:0000192c       ??_C@_0BD@MPKK@Input?1output?5error?$AA@ 1103192c     LIBCMT:syserr.obj
 0002:00001940       ??_C@_0BK@ODCM@Interrupted?5function?5call?$AA@ 11031940     LIBCMT:syserr.obj
 0002:0000195c       ??_C@_0BA@BPKN@No?5such?5process?$AA@ 1103195c     LIBCMT:syserr.obj
 0002:0000196c       ??_C@_0BK@IEMO@No?5such?5file?5or?5directory?$AA@ 1103196c     LIBCMT:syserr.obj
 0002:00001988       ??_C@_0BI@IIAE@Operation?5not?5permitted?$AA@ 11031988     LIBCMT:syserr.obj
 0002:000019a0       ??_C@_08KKBH@No?5error?$AA@ 110319a0     LIBCMT:syserr.obj
 0002:000019ac       ___dnames                  110319ac     LIBCMT:timeset.obj
 0002:000019c4       ___mnames                  110319c4     LIBCMT:timeset.obj
 0002:000019ec       ??_C@_02JHIA@TZ?$AA@       110319ec     LIBCMT:tzset.obj
 0002:000019f0       ??_C@_04GGNP@?4com?$AA@    110319f0     LIBCMT:stat.obj
 0002:000019f8       ??_C@_04KBDN@?4bat?$AA@    110319f8     LIBCMT:stat.obj
 0002:00001a00       ??_C@_04LFKF@?4cmd?$AA@    11031a00     LIBCMT:stat.obj
 0002:00001a08       ??_C@_04NFOM@?4exe?$AA@    11031a08     LIBCMT:stat.obj
 0002:00001a10       ??_C@_07CJME@H?3mm?3ss?$AA@ 11031a10     LIBCMT:strftime.obj
 0002:00001a18       ??_C@_0BE@MHI@dddd?0?5MMMM?5dd?0?5yyyy?$AA@ 11031a18     LIBCMT:strftime.obj
 0002:00001a2c       ??_C@_06HCAD@M?1d?1yy?$AA@ 11031a2c     LIBCMT:strftime.obj
 0002:00001a34       ??_C@_02DBLP@PM?$AA@       11031a34     LIBCMT:strftime.obj
 0002:00001a38       ??_C@_02ENLM@AM?$AA@       11031a38     LIBCMT:strftime.obj
 0002:00001a3c       ??_C@_08LIDF@December?$AA@ 11031a3c     LIBCMT:strftime.obj
 0002:00001a48       ??_C@_08NJLI@November?$AA@ 11031a48     LIBCMT:strftime.obj
 0002:00001a54       ??_C@_07IAMM@October?$AA@  11031a54     LIBCMT:strftime.obj
 0002:00001a5c       ??_C@_09MKGD@September?$AA@ 11031a5c     LIBCMT:strftime.obj
 0002:00001a68       ??_C@_06PADP@August?$AA@   11031a68     LIBCMT:strftime.obj
 0002:00001a70       ??_C@_04PIJO@July?$AA@     11031a70     LIBCMT:strftime.obj
 0002:00001a78       ??_C@_04ICFP@June?$AA@     11031a78     LIBCMT:strftime.obj
 0002:00001a80       ??_C@_05JFGC@April?$AA@    11031a80     LIBCMT:strftime.obj
 0002:00001a88       ??_C@_05FGPD@March?$AA@    11031a88     LIBCMT:strftime.obj
 0002:00001a90       ??_C@_08PGBA@February?$AA@ 11031a90     LIBCMT:strftime.obj
 0002:00001a9c       ??_C@_07BPKJ@January?$AA@  11031a9c     LIBCMT:strftime.obj
 0002:00001aa4       ??_C@_03PGJO@Dec?$AA@      11031aa4     LIBCMT:strftime.obj
 0002:00001aa8       ??_C@_03PDLM@Nov?$AA@      11031aa8     LIBCMT:strftime.obj
 0002:00001aac       ??_C@_03BLHK@Oct?$AA@      11031aac     LIBCMT:strftime.obj
 0002:00001ab0       ??_C@_03DPFM@Sep?$AA@      11031ab0     LIBCMT:strftime.obj
 0002:00001ab4       ??_C@_03CMCH@Aug?$AA@      11031ab4     LIBCMT:strftime.obj
 0002:00001ab8       ??_C@_03OBKI@Jul?$AA@      11031ab8     LIBCMT:strftime.obj
 0002:00001abc       ??_C@_03LEIG@Jun?$AA@      11031abc     LIBCMT:strftime.obj
 0002:00001ac0       ??_C@_03MGHB@May?$AA@      11031ac0     LIBCMT:strftime.obj
 0002:00001ac4       ??_C@_03MJJM@Apr?$AA@      11031ac4     LIBCMT:strftime.obj
 0002:00001ac8       ??_C@_03GNHA@Mar?$AA@      11031ac8     LIBCMT:strftime.obj
 0002:00001acc       ??_C@_03PICE@Feb?$AA@      11031acc     LIBCMT:strftime.obj
 0002:00001ad0       ??_C@_03IEIF@Jan?$AA@      11031ad0     LIBCMT:strftime.obj
 0002:00001ad4       ??_C@_08FAKH@Saturday?$AA@ 11031ad4     LIBCMT:strftime.obj
 0002:00001ae0       ??_C@_06ONCK@Friday?$AA@   11031ae0     LIBCMT:strftime.obj
 0002:00001ae8       ??_C@_08CCFO@Thursday?$AA@ 11031ae8     LIBCMT:strftime.obj
 0002:00001af4       ??_C@_09PBIN@Wednesday?$AA@ 11031af4     LIBCMT:strftime.obj
 0002:00001b00       ??_C@_07BMBC@Tuesday?$AA@  11031b00     LIBCMT:strftime.obj
 0002:00001b08       ??_C@_06CHLK@Monday?$AA@   11031b08     LIBCMT:strftime.obj
 0002:00001b10       ??_C@_06OOEM@Sunday?$AA@   11031b10     LIBCMT:strftime.obj
 0002:00001b18       ??_C@_03MPKK@Sat?$AA@      11031b18     LIBCMT:strftime.obj
 0002:00001b1c       ??_C@_03FINJ@Fri?$AA@      11031b1c     LIBCMT:strftime.obj
 0002:00001b20       ??_C@_03HIKC@Thu?$AA@      11031b20     LIBCMT:strftime.obj
 0002:00001b24       ??_C@_03HECK@Wed?$AA@      11031b24     LIBCMT:strftime.obj
 0002:00001b28       ??_C@_03ECCP@Tue?$AA@      11031b28     LIBCMT:strftime.obj
 0002:00001b2c       ??_C@_03PIEP@Mon?$AA@      11031b2c     LIBCMT:strftime.obj
 0002:00001b30       ??_C@_03FHEP@Sun?$AA@      11031b30     LIBCMT:strftime.obj
 0002:00001b50       ??_C@_0BD@NJFP@GetLastActivePopup?$AA@ 11031b50     LIBCMT:crtmbox.obj
 0002:00001b64       ??_C@_0BA@GILI@GetActiveWindow?$AA@ 11031b64     LIBCMT:crtmbox.obj
 0002:00001b74       ??_C@_0M@PKCK@MessageBoxA?$AA@ 11031b74     LIBCMT:crtmbox.obj
 0002:00001b80       ??_C@_0L@HKL@user32?4dll?$AA@ 11031b80     LIBCMT:crtmbox.obj
 0002:00001bc8       ??_7length_error@std@@6B@  11031bc8     libcpmt:string.obj
 0002:00001bd4       ??_C@_0BA@HHMB@string?5too?5long?$AA@ 11031bd4     libcpmt:string.obj
 0002:00001be8       ??_7logic_error@std@@6B@   11031be8     libcpmt:string.obj
 0002:00001bf8       ??_7out_of_range@std@@6B@  11031bf8     libcpmt:string.obj
 0002:00001c04       ??_C@_0BI@EEBE@invalid?5string?5position?$AA@ 11031c04     libcpmt:string.obj
 0002:00001c20       ??_7exception@@6B@         11031c20     LIBCMT:stdexcpt.obj
 0002:00001c28       ??_C@_0BC@OIDF@Unknown?5exception?$AA@ 11031c28     LIBCMT:stdexcpt.obj
 0002:00001c40       ??_7type_info@@6B@         11031c40     LIBCMT:typinfo.obj
 0002:00001c98       ??_R1A@?0A@A@exception@@8  11031c98     libcpmt:string.obj
 0002:00001cb0       ??_R1A@?0A@A@logic_error@std@@8 11031cb0     libcpmt:string.obj
 0002:00001cc8       ??_R1A@?0A@A@length_error@std@@8 11031cc8     libcpmt:string.obj
[...]
 0001:00004040       _$E18                      11005040 f   unzipex.obj
 0001:000018a0       _unzOpenInternal           110028a0 f   unzip.obj
 0001:00001d70       _unz64local_getShort       11002d70 f   unzip.obj
 0001:00001dd0       _unz64local_getByte        11002dd0 f   unzip.obj
 0001:00001e20       _unz64local_getLong        11002e20 f   unzip.obj
 0001:00001ec0       _unz64local_getLong64      11002ec0 f   unzip.obj
 0001:00002030       _unz64local_SearchCentralDir 11003030 f   unzip.obj
 0001:000021e0       _unz64local_SearchCentralDir64 110031e0 f   unzip.obj
 0001:00002510       _unz64local_GetCurrentFileInfoInternal 11003510 f   unzip.obj
 0001:000029d0       _unz64local_DosDateToTmuDate 110039d0 f   unzip.obj
 0001:00002e90       _unz64local_CheckCurrentFileCoherencyHeader 11003e90 f   unzip.obj
 0001:00000330       ?JZIPCompressReal@@YAHPAD00H@Z 11001330 f   kei.obj
 0001:00000470       ?JWiz_PrintDummy@@YGHPADK@Z 11001470 f   kei.obj
 0001:00000480       ?JWiz_PasswordDummy@@YGHPADHPBD1@Z 11001480 f   kei.obj
 0001:00000490       ?JWiz_CommentDummy@@YGHPAD@Z 11001490 f   kei.obj
 0001:000004e0       ?CanExtractExtension@@YAHPAD@Z 110014e0 f   kei.obj
 0001:00000660       ?JZIPExtractReal@@YAHPAD00HI@Z 11001660 f   kei.obj
 0001:00000a20       ?Unpack@@YAHPAD00H@Z       11001a20 f   kei.obj
 0001:00000ae0       ?ZipUnpack@@YAHPAD00H@Z    11001ae0 f   kei.obj
 0001:00000bf0       ?ZipUnpackReal@@YAHPAD00H@Z 11001bf0 f   kei.obj
 0001:00000d20       ?LhaUnpack@@YAHPAD00H@Z    11001d20 f   kei.obj
 0001:00000d90       ?LhaInit@@YAHXZ            11001d90 f   kei.obj
 0001:00000df0       ?CabUnpack@@YAHPAD00H@Z    11001df0 f   kei.obj
 0001:00000e30       ?CabExtractCallback@@YGIPAXIII@Z 11001e30 f   kei.obj
 0001:00000f00       ?CabExtractMakePath@@YIHPBD0@Z 11001f00 f   kei.obj
 0001:00001000       ?CabExtractFindNextPathDelim@@YIPBDPBD@Z 11002000 f   kei.obj
 0001:00001270       ?ExeUnpack@@YAHPAD00H@Z    11002270 f   kei.obj
 0001:00001860       _$E19                      11002860 f   kei.obj
 0001:00001880       _$E18                      11002880 f   kei.obj
 0001:000000e0       _fread_file_func           110010e0 f   ioapi.obj
 0001:00000100       _fwrite_file_func          11001100 f   ioapi.obj
 0001:00000120       _fclose_file_func          11001120 f   ioapi.obj
 0001:00000140       _ferror_file_func          11001140 f   ioapi.obj
 0001:00000190       _fopen64_file_func         11001190 f   ioapi.obj
 0001:000001e0       _ftell64_file_func         110011e0 f   ioapi.obj
 0001:00000200       _fseek64_file_func         11001200 f   ioapi.obj
 0001:00005f10       _huft_build                11006f10 f   zlib:inftrees.obj
 0001:0001f150       _Initialize                11020150 f   zip32z64:nt.obj
 0001:0001f1f0       _GetRemotePrivilegesGet    110201f0 f   zip32z64:nt.obj
 0001:0001f3e0       _InitLocalPrivileges       110203e0 f   zip32z64:nt.obj
 0001:0001dae0       _init_block                1101eae0 f   zip32z64:trees.obj
 0001:0001db50       _gen_codes                 1101eb50 f   zip32z64:trees.obj
 0001:0001de00       _build_tree                1101ee00 f   zip32z64:trees.obj
 0001:0001dff0       _pqdownheap                1101eff0 f   zip32z64:trees.obj
 0001:0001e0c0       _gen_bitlen                1101f0c0 f   zip32z64:trees.obj
 0001:0001e2c0       _build_bl_tree             1101f2c0 f   zip32z64:trees.obj
 0001:0001e320       _scan_tree                 1101f320 f   zip32z64:trees.obj
 0001:0001e410       _send_all_trees            1101f410 f   zip32z64:trees.obj
 0001:0001e490       _send_tree                 1101f490 f   zip32z64:trees.obj
 0001:0001e750       _compress_block            1101f750 f   zip32z64:trees.obj
 0001:0001e8b0       _set_file_type             1101f8b0 f   zip32z64:trees.obj
 0001:0001e960       _send_bits                 1101f960 f   zip32z64:trees.obj
 0001:0001ea10       _bi_reverse                1101fa10 f   zip32z64:trees.obj
 0001:0001ea40       _bi_windup                 1101fa40 f   zip32z64:trees.obj
 0001:0001eb10       _copy_block                1101fb10 f   zip32z64:trees.obj
 0001:0001c650       _wild_recurse              1101d650 f   zip32z64:win32zip.obj
 0001:0001c990       _OpenDirScan               1101d990 f   zip32z64:win32zip.obj
 0001:0001cad0       _CloseDirScan              1101dad0 f   zip32z64:win32zip.obj
 0001:0001caf0       _readd                     1101daf0 f   zip32z64:win32zip.obj
 0001:0001cb60       _GetNextDirEntry           1101db60 f   zip32z64:win32zip.obj
 0001:0001cb90       _procname_win32            1101db90 f   zip32z64:win32zip.obj
 0001:0001d4d0       _GetSD                     1101e4d0 f   zip32z64:win32zip.obj
 0001:0001d740       _GetExtraTime              1101e740 f   zip32z64:win32zip.obj
 0001:0001c020       _suffixes                  1101d020 f   zip32z64:zipup.obj
 0001:0001c0d0       _file_read                 1101d0d0 f   zip32z64:zipup.obj
 0001:0001c320       _filecompress              1101d320 f   zip32z64:zipup.obj
 0001:0001c460       _mem_read                  1101d460 f   zip32z64:zipup.obj
 0001:0001a2c0       _recmatch                  1101b2c0 f   zip32z64:util.obj
 0001:00019aa0       _fill_window               1101aaa0 f   zip32z64:deflate.obj
 0001:0001a020       _deflate_fast              1101b020 f   zip32z64:deflate.obj
 0001:00019550       _FSusesLocalTime           1101a550 f   zip32z64:win32.obj
 0001:00019670       _FileTime2utime            1101a670 f   zip32z64:win32.obj
 0001:000196f0       _VFatFileTime2utime        1101a6f0 f   zip32z64:win32.obj
 0001:000152f0       _fqcmp                     110162f0 f   zip32z64:fileio.obj
 0001:00015340       _fqcmpz                    11016340 f   zip32z64:fileio.obj
 0001:000186f0       _get_shortopt              110196f0 f   zip32z64:fileio.obj
 0001:00018c60       _optionerr                 11019c60 f   zip32z64:fileio.obj
 0001:00018d10       _get_longopt               11019d10 f   zip32z64:fileio.obj
 0001:0000e410       _zbcmp                     1100f410 f   zip32z64:zipfile.obj
 0001:0000eb70       _adjust_zip_local_entry    1100fb70 f   zip32z64:zipfile.obj
 0001:0000ec70       _at_signature              1100fc70 f   zip32z64:zipfile.obj
 0001:0000eec0       _zqcmp                     1100fec0 f   zip32z64:zipfile.obj
 0001:0000eee0       _scanzipf_fixnew           1100fee0 f   zip32z64:zipfile.obj
 0001:00010250       _zipoddities               11011250 f   zip32z64:zipfile.obj
 0001:00010430       _find_next_signature       11011430 f   zip32z64:zipfile.obj
 0001:00010510       _find_signature            11011510 f   zip32z64:zipfile.obj
 0001:00010580       _is_signature              11011580 f   zip32z64:zipfile.obj
 0001:000105e0       _scanzipf_regnew           110115e0 f   zip32z64:zipfile.obj
 0001:00012280       _adjust_zip_central_entry  11013280 f   zip32z64:zipfile.obj
 0001:00012860       _append_ushort_to_mem      11013860 f   zip32z64:zipfile.obj
 0001:000128f0       _write_ushort_to_mem       110138f0 f   zip32z64:zipfile.obj
 0001:00012910       _append_ulong_to_mem       11013910 f   zip32z64:zipfile.obj
 0001:000129a0       _write_ulong_to_mem        110139a0 f   zip32z64:zipfile.obj
 0001:000129d0       _append_string_to_mem      110139d0 f   zip32z64:zipfile.obj
 0001:00012a80       _add_local_zip64_extra_field 11013a80 f   zip32z64:zipfile.obj
 0001:00012c60       _write_int64_to_mem        11013c60 f   zip32z64:zipfile.obj
 0001:00012d90       _append_int64_to_mem       11013d90 f   zip32z64:zipfile.obj
 0001:000131e0       _add_central_zip64_extra_field 110141e0 f   zip32z64:zipfile.obj
 0001:00014650       _ef_scan_ut_time           11015650 f   zip32z64:zipfile.obj
 0001:00014ab0       _rqcmp                     11015ab0 f   zip32z64:zipfile.obj
 0001:00014ad0       _cutpath                   11015ad0 f   zip32z64:zipfile.obj
 0001:00008180       _freeup                    11009180 f   zip32z64:zip.obj
 0001:0000dad0       _finish                    1100ead0 f   zip32z64:zip.obj
 0001:0000dc70       _add_filter                1100ec70 f   zip32z64:zip.obj
 0001:0000de80       _filterlist_to_patterns    1100ee80 f   zip32z64:zip.obj
 0001:0000df30       _add_name                  1100ef30 f   zip32z64:zip.obj
 0001:0000dff0       _DisplayRunningStats       1100eff0 f   zip32z64:zip.obj
 0001:0000e290       _BlankRunningStats         1100f290 f   zip32z64:zip.obj
 0001:0002df5b       _wcsncnt                   1102ef5b f   LIBCMT:w_map.obj
 0001:0002df5b       _wcsncnt                   1102ef5b f   LIBCMT:w_map.obj
 0001:0002d683       _wfindenv                  1102e683 f   LIBCMT:wsetenv.obj
 0001:0002d6df       _copy_environ              1102e6df f   LIBCMT:wsetenv.obj
 0001:0002c8fe       _siglookup                 1102d8fe f   LIBCMT:winsig.obj
 0001:0002c3d2       _findenv                   1102d3d2 f   LIBCMT:setenv.obj
 0001:0002c42a       _copy_environ              1102d42a f   LIBCMT:setenv.obj
 0001:0002c220       _strncnt                   1102d220 f   LIBCMT:a_cmp.obj
 0001:0002b742       _strtoxl                   1102c742 f   LIBCMT:strtol.obj
 0001:0002b531       _xtoa                      1102c531 f   LIBCMT:xtoa.obj
 0001:0002aad4       __hextodec                 1102bad4 f   LIBCMT:input.obj
 0001:0002ab0b       __inc                      1102bb0b f   LIBCMT:input.obj
 0001:0002ab25       __un_inc                   1102bb25 f   LIBCMT:input.obj
 0001:0002ab3c       __whiteout                 1102bb3c f   LIBCMT:input.obj
 0001:0002994f       __tzset_lk                 1102a94f f   LIBCMT:tzset.obj
 0001:00029bf7       __isindst_lk               1102abf7 f   LIBCMT:tzset.obj
 0001:00029da3       _cvtdate                   1102ada3 f   LIBCMT:tzset.obj
 0001:00029118       _parse_cmdline             1102a118 f   LIBCMT:stdargv.obj
 0001:00028ee2       _write_char                11029ee2 f   LIBCMT:output.obj
 0001:00028f17       _write_multi_char          11029f17 f   LIBCMT:output.obj
 0001:00028f48       _write_string              11029f48 f   LIBCMT:output.obj
 0001:00028f80       _get_int_arg               11029f80 f   LIBCMT:output.obj
 0001:00028f8d       _get_int64_arg             11029f8d f   LIBCMT:output.obj
 0001:00028f9d       _get_short_arg             11029f9d f   LIBCMT:output.obj
 0001:000267c3       ?FindHandler@@YAXPAUEHExceptionRecord@@PAUEHRegistrationNode@@PAU_CONTEXT@@PAXPBU_s_FuncInfo@@EH1@Z 110277c3 f   LIBCMT:frame.obj
 0001:00026976       ?FindHandlerForForeignException@@YAXPAUEHExceptionRecord@@PAUEHRegistrationNode@@PAU_CONTEXT@@PAXPBU_s_FuncInfo@@HH1@Z 11027976 f   LIBCMT:frame.obj
 0001:00026a20       ?TypeMatch@@YAHPBU_s_HandlerType@@PBU_s_CatchableType@@PBU_s_ThrowInfo@@@Z 11027a20 f   LIBCMT:frame.obj
 0001:00026b1b       ?FrameUnwindFilter@@YAHPAU_EXCEPTION_POINTERS@@@Z 11027b1b f   LIBCMT:frame.obj
 0001:00026b31       ?CatchIt@@YAXPAUEHExceptionRecord@@PAUEHRegistrationNode@@PAU_CONTEXT@@PAXPBU_s_FuncInfo@@PBU_s_HandlerType@@PBU_s_CatchableType@@PBU_s_TryBlockMapEntry@@H1E@Z 11027b31 f   LIBCMT:frame.obj
 0001:00026bac       ?CallCatchBlock@@YAPAXPAUEHExceptionRecord@@PAUEHRegistrationNode@@PAU_CONTEXT@@PBU_s_FuncInfo@@PAXHK@Z 11027bac f   LIBCMT:frame.obj
 0001:00026cc7       ?ExFilterRethrow@@YAHPAU_EXCEPTION_POINTERS@@@Z 11027cc7 f   LIBCMT:frame.obj
 0001:00026cf1       ?BuildCatchObject@@YAXPAUEHExceptionRecord@@PAUEHRegistrationNode@@PBU_s_HandlerType@@PBU_s_CatchableType@@@Z 11027cf1 f   LIBCMT:frame.obj
 0001:00026f1c       ?AdjustPointer@@YAPAXPAXABUPMD@@@Z 11027f1c f   LIBCMT:frame.obj
 0001:00025f9d       _TranslateName             11026f9d f   LIBCMT:getqloc.obj
 0001:00025ff5       _GetLcidFromLangCountry    11026ff5 f   LIBCMT:getqloc.obj
 0001:0002607c       _LangCountryEnumProc@4     1102707c f   LIBCMT:getqloc.obj
 0001:00026280       _GetLcidFromLanguage       11027280 f   LIBCMT:getqloc.obj
 0001:000262d6       _LanguageEnumProc@4        110272d6 f   LIBCMT:getqloc.obj
 0001:00026393       _GetLcidFromCountry        11027393 f   LIBCMT:getqloc.obj
 0001:000263ca       _CountryEnumProc@4         110273ca f   LIBCMT:getqloc.obj
 0001:00026450       _GetLcidFromDefault        11027450 f   LIBCMT:getqloc.obj
 0001:0002646a       _ProcessCodePage           1102746a f   LIBCMT:getqloc.obj
 0001:000264d0       _TestDefaultCountry        110274d0 f   LIBCMT:getqloc.obj
 0001:000264ef       _TestDefaultLanguage       110274ef f   LIBCMT:getqloc.obj
 0001:00026551       _IsThisWindowsNT           11027551 f   LIBCMT:getqloc.obj
 0001:00026587       _crtGetLocaleInfoA@16      11027587 f   LIBCMT:getqloc.obj
 0001:0002666d       _LcidFromHexString         1102766d f   LIBCMT:getqloc.obj
 0001:000266a6       _GetPrimaryLen             110276a6 f   LIBCMT:getqloc.obj
 0001:000257dc       __get_lc_lconv             110267dc f   LIBCMT:initmon.obj
 0001:000256da       _fix_grouping              110266da f   LIBCMT:initnum.obj
 0001:000258fe       __free_lc_lconv            110268fe f   LIBCMT:initmon.obj
 0001:000256da       _fix_grouping              110266da f   LIBCMT:initnum.obj
 0001:00025027       __get_lc_time              11026027 f   LIBCMT:inittime.obj
 0001:00025375       __free_lc_time             11026375 f   LIBCMT:inittime.obj
 0001:00024ec5       _doexit                    11025ec5 f   LIBCMT:crt0dat.obj
 0001:00024f7c       __initterm                 11025f7c f   LIBCMT:crt0dat.obj
 0001:0002c220       _strncnt                   1102d220 f   LIBCMT:a_cmp.obj
 0001:00024040       LeadUp1                    11025040 f   LIBCMT:memcpy.obj
 0001:0002406c       LeadUp2                    1102506c f   LIBCMT:memcpy.obj
 0001:00024090       LeadUp3                    11025090 f   LIBCMT:memcpy.obj
 0001:0002410f       UnwindUp0                  1102510f f   LIBCMT:memcpy.obj
 0001:000240fc       UnwindUp1                  110250fc f   LIBCMT:memcpy.obj
 0001:000240f4       UnwindUp2                  110250f4 f   LIBCMT:memcpy.obj
 0001:000240ec       UnwindUp3                  110250ec f   LIBCMT:memcpy.obj
 0001:000240e4       UnwindUp4                  110250e4 f   LIBCMT:memcpy.obj
 0001:000240dc       UnwindUp5                  110250dc f   LIBCMT:memcpy.obj
 0001:000240d4       UnwindUp6                  110250d4 f   LIBCMT:memcpy.obj
 0001:000240cc       UnwindUp7                  110250cc f   LIBCMT:memcpy.obj
 0001:00024128       TrailUp0                   11025128 f   LIBCMT:memcpy.obj
 0001:00024130       TrailUp1                   11025130 f   LIBCMT:memcpy.obj
 0001:0002413c       TrailUp2                   1102513c f   LIBCMT:memcpy.obj
 0001:00024150       TrailUp3                   11025150 f   LIBCMT:memcpy.obj
 0001:000241c8       LeadDown1                  110251c8 f   LIBCMT:memcpy.obj
 0001:000241e8       LeadDown2                  110251e8 f   LIBCMT:memcpy.obj
 0001:00024210       LeadDown3                  11025210 f   LIBCMT:memcpy.obj
 0001:00024264       UnwindDown7                11025264 f   LIBCMT:memcpy.obj
 0001:0002426c       UnwindDown6                1102526c f   LIBCMT:memcpy.obj
 0001:00024274       UnwindDown5                11025274 f   LIBCMT:memcpy.obj
 0001:0002427c       UnwindDown4                1102527c f   LIBCMT:memcpy.obj
 0001:00024284       UnwindDown3                11025284 f   LIBCMT:memcpy.obj
 0001:0002428c       UnwindDown2                1102528c f   LIBCMT:memcpy.obj
 0001:00024294       UnwindDown1                11025294 f   LIBCMT:memcpy.obj
 0001:000242a7       UnwindDown0                110252a7 f   LIBCMT:memcpy.obj
 0001:000242c0       TrailDown0                 110252c0 f   LIBCMT:memcpy.obj
 0001:000242c8       TrailDown1                 110252c8 f   LIBCMT:memcpy.obj
 0001:000242d8       TrailDown2                 110252d8 f   LIBCMT:memcpy.obj
 0001:000242ec       TrailDown3                 110252ec f   LIBCMT:memcpy.obj
 0001:00022be4       __make_time_t              11023be4 f   LIBCMT:mktime.obj
 0001:00022b66       _IsRootUNCName             11023b66 f   LIBCMT:stati64.obj
 0001:0002262a       _shortsort                 1102362a f   LIBCMT:qsort.obj
 0001:00022678       _swap                      11023678 f   LIBCMT:qsort.obj
 0001:0002208b       _store_dt                  1102308b f   LIBCMT:asctime.obj
 0001:00021b87       _flsall                    11022b87 f   LIBCMT:fflush.obj
 0001:00020e80       LeadUp1                    11021e80 f   LIBCMT:memmove.obj
 0001:00020eac       LeadUp2                    11021eac f   LIBCMT:memmove.obj
 0001:00020ed0       LeadUp3                    11021ed0 f   LIBCMT:memmove.obj
 0001:00020f4f       UnwindUp0                  11021f4f f   LIBCMT:memmove.obj
 0001:00020f3c       UnwindUp1                  11021f3c f   LIBCMT:memmove.obj
 0001:00020f34       UnwindUp2                  11021f34 f   LIBCMT:memmove.obj
 0001:00020f2c       UnwindUp3                  11021f2c f   LIBCMT:memmove.obj
 0001:00020f24       UnwindUp4                  11021f24 f   LIBCMT:memmove.obj
 0001:00020f1c       UnwindUp5                  11021f1c f   LIBCMT:memmove.obj
 0001:00020f14       UnwindUp6                  11021f14 f   LIBCMT:memmove.obj
 0001:00020f0c       UnwindUp7                  11021f0c f   LIBCMT:memmove.obj
 0001:00020f68       TrailUp0                   11021f68 f   LIBCMT:memmove.obj
 0001:00020f70       TrailUp1                   11021f70 f   LIBCMT:memmove.obj
 0001:00020f7c       TrailUp2                   11021f7c f   LIBCMT:memmove.obj
 0001:00020f90       TrailUp3                   11021f90 f   LIBCMT:memmove.obj
 0001:00021008       LeadDown1                  11022008 f   LIBCMT:memmove.obj
 0001:00021028       LeadDown2                  11022028 f   LIBCMT:memmove.obj
 0001:00021050       LeadDown3                  11022050 f   LIBCMT:memmove.obj
 0001:000210a4       UnwindDown7                110220a4 f   LIBCMT:memmove.obj
 0001:000210ac       UnwindDown6                110220ac f   LIBCMT:memmove.obj
 0001:000210b4       UnwindDown5                110220b4 f   LIBCMT:memmove.obj
 0001:000210bc       UnwindDown4                110220bc f   LIBCMT:memmove.obj
 0001:000210c4       UnwindDown3                110220c4 f   LIBCMT:memmove.obj
 0001:000210cc       UnwindDown2                110220cc f   LIBCMT:memmove.obj
 0001:000210d4       UnwindDown1                110220d4 f   LIBCMT:memmove.obj
 0001:000210e7       UnwindDown0                110220e7 f   LIBCMT:memmove.obj
 0001:00021100       TrailDown0                 11022100 f   LIBCMT:memmove.obj
 0001:00021108       TrailDown1                 11022108 f   LIBCMT:memmove.obj
 0001:00021118       TrailDown2                 11022118 f   LIBCMT:memmove.obj
 0001:0002112c       TrailDown3                 1102212c f   LIBCMT:memmove.obj
 0001:000208b0       _gu_return                 110218b0 f   LIBCMT:exsup.obj
 0001:000208b8       __unwind_handler           110218b8 f   LIBCMT:exsup.obj
 0001:000206cd       ?CatchGuardHandler@@YA?AW4_EXCEPTION_DISPOSITION@@PAUEHExceptionRecord@@PAUCatchGuardRN@@PAX2@Z 110216cd f   LIBCMT:trnsctrl.obj
 0001:000207a8       ?TranslatorGuardHandler@@YA?AW4_EXCEPTION_DISPOSITION@@PAUEHExceptionRecord@@PAUTranslatorGuardRN@@PAX2@Z 110217a8 f   LIBCMT:trnsctrl.obj
 0001:00020148       __setlocale_set_cat        11021148 f   LIBCMT:setlocal.obj
 0001:00020263       __setlocale_get_all        11021263 f   LIBCMT:setlocal.obj
 0001:0001fcbb       _getSystemCP               11020cbb f   LIBCMT:mbctype.obj
 0001:0001fd05       _CPtoLCID                  11020d05 f   LIBCMT:mbctype.obj
 0001:0001fd38       _setSBCS                   11020d38 f   LIBCMT:mbctype.obj
 0001:0001fd61       _setSBUpLow                11020d61 f   LIBCMT:mbctype.obj
 0001:0002cc84       _$E24                      1102dc84 f   libcpmt:string.obj
 0001:0002ccae       _$E20                      1102dcae f   libcpmt:string.obj
 0001:0002ccba       _$E23                      1102dcba f   libcpmt:string.obj

 58 bytes saved through ICF

